
> tabtep@0.1.0 type-check
> tsc --noEmit

.next/types/validator.ts(540,31): error TS2344: Type 'typeof import("C:/Users/atiff/Desktop/QR-Eat/src/app/api/admin/menu/items/[id]/route")' does not satisfy the constraint 'RouteHandlerConfig<"/api/admin/menu/items/[id]">'.
  Types of property 'PATCH' are incompatible.
    Type '(request: NextRequest, { params }: { params: { id: string; }; }) => Promise<NextResponse<{ error: string; }> | NextResponse<{ success: boolean; item: { name: string; id: string; createdAt: Date; ... 14 more ...; displayOrder: number; }; message: string; }>>' is not assignable to type '(request: NextRequest, context: { params: Promise<{ id: string; }>; }) => void | Response | Promise<void | Response>'.
      Types of parameters '__1' and 'context' are incompatible.
        Type '{ params: Promise<{ id: string; }>; }' is not assignable to type '{ params: { id: string; }; }'.
          Types of property 'params' are incompatible.
            Property 'id' is missing in type 'Promise<{ id: string; }>' but required in type '{ id: string; }'.
.next/types/validator.ts(549,31): error TS2344: Type 'typeof import("C:/Users/atiff/Desktop/QR-Eat/src/app/api/admin/menu/items/[id]/variations/[variationId]/route")' does not satisfy the constraint 'RouteHandlerConfig<"/api/admin/menu/items/[id]/variations/[variationId]">'.
  Types of property 'PATCH' are incompatible.
    Type '(request: NextRequest, { params }: { params: { id: string; variationId: string; }; }) => Promise<NextResponse<{ error: string; }> | NextResponse<{ success: boolean; variation: any; message: string; }>>' is not assignable to type '(request: NextRequest, context: { params: Promise<{ id: string; variationId: string; }>; }) => void | Response | Promise<void | Response>'.
      Types of parameters '__1' and 'context' are incompatible.
        Type '{ params: Promise<{ id: string; variationId: string; }>; }' is not assignable to type '{ params: { id: string; variationId: string; }; }'.
          Types of property 'params' are incompatible.
            Type 'Promise<{ id: string; variationId: string; }>' is missing the following properties from type '{ id: string; variationId: string; }': id, variationId
.next/types/validator.ts(558,31): error TS2344: Type 'typeof import("C:/Users/atiff/Desktop/QR-Eat/src/app/api/admin/menu/items/[id]/variations/route")' does not satisfy the constraint 'RouteHandlerConfig<"/api/admin/menu/items/[id]/variations">'.
  Types of property 'GET' are incompatible.
    Type '(request: NextRequest, { params }: { params: { id: string; }; }) => Promise<NextResponse<{ error: string; }> | NextResponse<{ success: boolean; variations: any; }>>' is not assignable to type '(request: NextRequest, context: { params: Promise<{ id: string; }>; }) => void | Response | Promise<void | Response>'.
      Types of parameters '__1' and 'context' are incompatible.
        Type '{ params: Promise<{ id: string; }>; }' is not assignable to type '{ params: { id: string; }; }'.
          Types of property 'params' are incompatible.
            Property 'id' is missing in type 'Promise<{ id: string; }>' but required in type '{ id: string; }'.
.next/types/validator.ts(594,31): error TS2344: Type 'typeof import("C:/Users/atiff/Desktop/QR-Eat/src/app/api/admin/role-templates/[template]/route")' does not satisfy the constraint 'RouteHandlerConfig<"/api/admin/role-templates/[template]">'.
  Types of property 'GET' are incompatible.
    Type '(request: NextRequest, { params }: { params: { template: string; }; }) => Promise<NextResponse<unknown>>' is not assignable to type '(request: NextRequest, context: { params: Promise<{ template: string; }>; }) => void | Response | Promise<void | Response>'.
      Types of parameters '__1' and 'context' are incompatible.
        Type '{ params: Promise<{ template: string; }>; }' is not assignable to type '{ params: { template: string; }; }'.
          Types of property 'params' are incompatible.
            Property 'template' is missing in type 'Promise<{ template: string; }>' but required in type '{ template: string; }'.
.next/types/validator.ts(621,31): error TS2344: Type 'typeof import("C:/Users/atiff/Desktop/QR-Eat/src/app/api/admin/staff/[id]/route")' does not satisfy the constraint 'RouteHandlerConfig<"/api/admin/staff/[id]">'.
  Types of property 'PUT' are incompatible.
    Type '(request: NextRequest, { params }: { params: { id: string; }; }) => Promise<NextResponse<{ error: string; }> | NextResponse<{ success: boolean; staff: { restaurant: { name: string; id: string; ... 38 more ...; systemPreferences: JsonValue; }; role: { ...; }; } & { ...; }; message: string; }>>' is not assignable to type '(request: NextRequest, context: { params: Promise<{ id: string; }>; }) => void | Response | Promise<void | Response>'.
      Types of parameters '__1' and 'context' are incompatible.
        Type '{ params: Promise<{ id: string; }>; }' is not assignable to type '{ params: { id: string; }; }'.
          Types of property 'params' are incompatible.
            Property 'id' is missing in type 'Promise<{ id: string; }>' but required in type '{ id: string; }'.
.next/types/validator.ts(864,31): error TS2344: Type 'typeof import("C:/Users/atiff/Desktop/QR-Eat/src/app/api/notifications/[id]/route")' does not satisfy the constraint 'RouteHandlerConfig<"/api/notifications/[id]">'.
  Types of property 'PATCH' are incompatible.
    Type '(request: NextRequest, { params }: { params: { id: string; }; }) => Promise<NextResponse<unknown>>' is not assignable to type '(request: NextRequest, context: { params: Promise<{ id: string; }>; }) => void | Response | Promise<void | Response>'.
      Types of parameters '__1' and 'context' are incompatible.
        Type '{ params: Promise<{ id: string; }>; }' is not assignable to type '{ params: { id: string; }; }'.
          Types of property 'params' are incompatible.
            Property 'id' is missing in type 'Promise<{ id: string; }>' but required in type '{ id: string; }'.
.next/types/validator.ts(1035,31): error TS2344: Type 'typeof import("C:/Users/atiff/Desktop/QR-Eat/src/app/api/pos/payment/[orderId]/route")' does not satisfy the constraint 'RouteHandlerConfig<"/api/pos/payment/[orderId]">'.
  Types of property 'POST' are incompatible.
    Type '(request: NextRequest, { params }: { params: { orderId: string; }; }) => Promise<NextResponse<{ success: boolean; error: string; }> | NextResponse<{ success: boolean; message: string; receiptNumber: string; totalPaid: Decimal; changeGiven: Decimal | null; }> | NextResponse<...>>' is not assignable to type '(request: NextRequest, context: { params: Promise<{ orderId: string; }>; }) => void | Response | Promise<void | Response>'.
      Types of parameters '__1' and 'context' are incompatible.
        Type '{ params: Promise<{ orderId: string; }>; }' is not assignable to type '{ params: { orderId: string; }; }'.
          Types of property 'params' are incompatible.
            Property 'orderId' is missing in type 'Promise<{ orderId: string; }>' but required in type '{ orderId: string; }'.
.next/types/validator.ts(1395,31): error TS2344: Type 'typeof import("C:/Users/atiff/Desktop/QR-Eat/src/app/api/tables/[id]/regenerate-qr/route")' does not satisfy the constraint 'RouteHandlerConfig<"/api/tables/[id]/regenerate-qr">'.
  Types of property 'POST' are incompatible.
    Type '(request: NextRequest, { params }: { params: { id: string; }; }) => Promise<NextResponse<{ error: string; }> | NextResponse<{ success: boolean; table: { id: string; createdAt: Date; ... 7 more ...; locationDescription: string | null; }; qrUrl: string; message: string; }>>' is not assignable to type '(request: NextRequest, context: { params: Promise<{ id: string; }>; }) => void | Response | Promise<void | Response>'.
      Types of parameters '__1' and 'context' are incompatible.
        Type '{ params: Promise<{ id: string; }>; }' is not assignable to type '{ params: { id: string; }; }'.
          Types of property 'params' are incompatible.
            Property 'id' is missing in type 'Promise<{ id: string; }>' but required in type '{ id: string; }'.
.next/types/validator.ts(1404,31): error TS2344: Type 'typeof import("C:/Users/atiff/Desktop/QR-Eat/src/app/api/tables/[id]/route")' does not satisfy the constraint 'RouteHandlerConfig<"/api/tables/[id]">'.
  Types of property 'DELETE' are incompatible.
    Type '(request: NextRequest, { params }: { params: { id: string; }; }) => Promise<NextResponse<{ error: string; }> | NextResponse<{ success: boolean; message: string; }>>' is not assignable to type '(request: NextRequest, context: { params: Promise<{ id: string; }>; }) => void | Response | Promise<void | Response>'.
      Types of parameters '__1' and 'context' are incompatible.
        Type '{ params: Promise<{ id: string; }>; }' is not assignable to type '{ params: { id: string; }; }'.
          Types of property 'params' are incompatible.
            Property 'id' is missing in type 'Promise<{ id: string; }>' but required in type '{ id: string; }'.
.next/types/validator.ts(1413,31): error TS2344: Type 'typeof import("C:/Users/atiff/Desktop/QR-Eat/src/app/api/tables/[id]/status/route")' does not satisfy the constraint 'RouteHandlerConfig<"/api/tables/[id]/status">'.
  Types of property 'PATCH' are incompatible.
    Type '(request: NextRequest, { params }: { params: { id: string; }; }) => Promise<NextResponse<{ error: string; }> | NextResponse<{ success: boolean; table: { id: string; createdAt: Date; ... 7 more ...; locationDescription: string | null; }; message: string; }>>' is not assignable to type '(request: NextRequest, context: { params: Promise<{ id: string; }>; }) => void | Response | Promise<void | Response>'.
      Types of parameters '__1' and 'context' are incompatible.
        Type '{ params: Promise<{ id: string; }>; }' is not assignable to type '{ params: { id: string; }; }'.
          Types of property 'params' are incompatible.
            Property 'id' is missing in type 'Promise<{ id: string; }>' but required in type '{ id: string; }'.
.next/types/validator.ts(1449,31): error TS2344: Type 'typeof import("C:/Users/atiff/Desktop/QR-Eat/src/app/api/upload/image/[filename]/route")' does not satisfy the constraint 'RouteHandlerConfig<"/api/upload/image/[filename]">'.
  Types of property 'DELETE' are incompatible.
    Type '(request: NextRequest, { params }: { params: { filename: string; }; }) => Promise<NextResponse<{ error: string; }> | NextResponse<{ success: boolean; message: string; }>>' is not assignable to type '(request: NextRequest, context: { params: Promise<{ filename: string; }>; }) => void | Response | Promise<void | Response>'.
      Types of parameters '__1' and 'context' are incompatible.
        Type '{ params: Promise<{ filename: string; }>; }' is not assignable to type '{ params: { filename: string; }; }'.
          Types of property 'params' are incompatible.
            Property 'filename' is missing in type 'Promise<{ filename: string; }>' but required in type '{ filename: string; }'.
.next/types/validator.ts(1467,31): error TS2344: Type 'typeof import("C:/Users/atiff/Desktop/QR-Eat/src/app/api/uploads/[filename]/route")' does not satisfy the constraint 'RouteHandlerConfig<"/api/uploads/[filename]">'.
  Types of property 'GET' are incompatible.
    Type '(request: NextRequest, { params }: { params: { filename: string; }; }) => Promise<NextResponse<unknown>>' is not assignable to type '(request: NextRequest, context: { params: Promise<{ filename: string; }>; }) => void | Response | Promise<void | Response>'.
      Types of parameters '__1' and 'context' are incompatible.
        Type '{ params: Promise<{ filename: string; }>; }' is not assignable to type '{ params: { filename: string; }; }'.
          Types of property 'params' are incompatible.
            Property 'filename' is missing in type 'Promise<{ filename: string; }>' but required in type '{ filename: string; }'.
check-order-dates.ts(11,14): error TS2820: Type '"pending"' is not assignable to type 'OrderStatus'. Did you mean '"PENDING"'?
check-order-dates.ts(11,25): error TS2820: Type '"confirmed"' is not assignable to type 'OrderStatus'. Did you mean '"CONFIRMED"'?
check-order-dates.ts(11,38): error TS2820: Type '"preparing"' is not assignable to type 'OrderStatus'. Did you mean '"PREPARING"'?
check-order-dates.ts(11,51): error TS2820: Type '"ready"' is not assignable to type 'OrderStatus'. Did you mean '"READY"'?
check-order-dates.ts(46,54): error TS2551: Property 'table' does not exist on type '{ id: string; createdAt: Date; updatedAt: Date; restaurantId: string; status: OrderStatus; dailySeq: number | null; orderNumber: string; tableId: string; customerSessionId: string; ... 21 more ...; servedAt: Date | null; }'. Did you mean 'tableId'?
debug-table-status.ts(91,9): error TS2367: This comparison appears to be unintentional because the types 'TableStatus' and '"available"' have no overlap.
debug-table-status.ts(95,16): error TS2367: This comparison appears to be unintentional because the types 'TableStatus' and '"occupied"' have no overlap.
fix-stuck-orders-migration.ts(27,9): error TS2322: Type '"completed"' is not assignable to type 'OrderPaymentStatus | EnumOrderPaymentStatusFilter<"Order"> | undefined'.
fix-stuck-orders-migration.ts(29,16): error TS2820: Type '"pending"' is not assignable to type 'OrderStatus'. Did you mean '"PENDING"'?
fix-stuck-orders-migration.ts(29,27): error TS2820: Type '"confirmed"' is not assignable to type 'OrderStatus'. Did you mean '"CONFIRMED"'?
fix-stuck-orders-migration.ts(29,40): error TS2820: Type '"preparing"' is not assignable to type 'OrderStatus'. Did you mean '"PREPARING"'?
fix-stuck-orders-migration.ts(29,53): error TS2820: Type '"ready"' is not assignable to type 'OrderStatus'. Did you mean '"READY"'?
fix-stuck-orders-migration.ts(51,11): error TS2322: Type '"completed"' is not assignable to type 'OrderPaymentStatus | EnumOrderPaymentStatusFilter<"Order"> | undefined'.
fix-stuck-orders-migration.ts(53,18): error TS2820: Type '"pending"' is not assignable to type 'OrderStatus'. Did you mean '"PENDING"'?
fix-stuck-orders-migration.ts(53,29): error TS2820: Type '"confirmed"' is not assignable to type 'OrderStatus'. Did you mean '"CONFIRMED"'?
fix-stuck-orders-migration.ts(53,42): error TS2820: Type '"preparing"' is not assignable to type 'OrderStatus'. Did you mean '"PREPARING"'?
fix-stuck-orders-migration.ts(53,55): error TS2820: Type '"ready"' is not assignable to type 'OrderStatus'. Did you mean '"READY"'?
fix-stuck-orders-migration.ts(57,11): error TS2820: Type '"served"' is not assignable to type 'OrderStatus | EnumOrderStatusFieldUpdateOperationsInput | undefined'. Did you mean '"SERVED"'?
fix-stuck-orders-migration.ts(69,52): error TS2551: Property 'table' does not exist on type '{ id: string; createdAt: Date; updatedAt: Date; restaurantId: string; status: OrderStatus; dailySeq: number | null; orderNumber: string; tableId: string; customerSessionId: string; ... 21 more ...; servedAt: Date | null; }'. Did you mean 'tableId'?
fix-stuck-orders-migration.ts(118,9): error TS2820: Type '"occupied"' is not assignable to type 'TableStatus | EnumTableStatusFilter<"Table"> | undefined'. Did you mean '"OCCUPIED"'?
fix-stuck-orders-migration.ts(126,24): error TS2820: Type '"pending"' is not assignable to type 'OrderStatus'. Did you mean '"PENDING"'?
fix-stuck-orders-migration.ts(126,35): error TS2820: Type '"confirmed"' is not assignable to type 'OrderStatus'. Did you mean '"CONFIRMED"'?
fix-stuck-orders-migration.ts(126,48): error TS2820: Type '"preparing"' is not assignable to type 'OrderStatus'. Did you mean '"PREPARING"'?
fix-stuck-orders-migration.ts(126,61): error TS2820: Type '"ready"' is not assignable to type 'OrderStatus'. Did you mean '"READY"'?
fix-stuck-orders-migration.ts(135,58): error TS2339: Property '_count' does not exist on type '{ id: string; createdAt: Date; updatedAt: Date; tableName: string | null; restaurantId: string; status: TableStatus; tableNumber: string; qrCodeToken: string; capacity: number; locationDescription: string | null; }'.
fix-stuck-orders-migration.ts(146,13): error TS2820: Type '"available"' is not assignable to type 'TableStatus | EnumTableStatusFieldUpdateOperationsInput | undefined'. Did you mean '"AVAILABLE"'?
scripts/analyze-database-performance.ts(272,54): error TS18046: 'error' is of type 'unknown'.
scripts/debug-server.ts(1,19): error TS7016: Could not find a declaration file for module 'node-fetch'. 'C:/Users/atiff/Desktop/QR-Eat/node_modules/node-fetch/lib/index.js' implicitly has an 'any' type.
  Try `npm i --save-dev @types/node-fetch` if it exists or add a new declaration (.d.ts) file containing `declare module 'node-fetch';`
scripts/fix-stuck-tables.ts(54,9): error TS2820: Type '"active"' is not assignable to type 'CustomerSessionStatus | EnumCustomerSessionStatusFilter<"CustomerSession"> | undefined'. Did you mean '"ACTIVE"'?
scripts/fix-stuck-tables.ts(74,11): error TS2820: Type '"ended"' is not assignable to type 'CustomerSessionStatus | EnumCustomerSessionStatusFieldUpdateOperationsInput | undefined'. Did you mean '"ENDED"'?
scripts/fix-stuck-tables.ts(82,34): error TS2551: Property 'table' does not exist on type '{ id: string; sessionToken: string; ipAddress: string | null; userAgent: string | null; expiresAt: Date; status: CustomerSessionStatus; tableId: string; ... 4 more ...; endedAt: Date | null; }'. Did you mean 'tableId'?
scripts/fix-stuck-tables.ts(87,56): error TS2551: Property 'table' does not exist on type '{ id: string; sessionToken: string; ipAddress: string | null; userAgent: string | null; expiresAt: Date; status: CustomerSessionStatus; tableId: string; ... 4 more ...; endedAt: Date | null; }'. Did you mean 'tableId'?
scripts/fix-stuck-tables.ts(96,9): error TS2820: Type '"occupied"' is not assignable to type 'TableStatus | EnumTableStatusFilter<"Table"> | undefined'. Did you mean '"OCCUPIED"'?
scripts/fix-stuck-tables.ts(115,22): error TS2820: Type '"pending"' is not assignable to type 'OrderStatus'. Did you mean '"PENDING"'?
scripts/fix-stuck-tables.ts(115,33): error TS2820: Type '"confirmed"' is not assignable to type 'OrderStatus'. Did you mean '"CONFIRMED"'?
scripts/fix-stuck-tables.ts(115,46): error TS2820: Type '"preparing"' is not assignable to type 'OrderStatus'. Did you mean '"PREPARING"'?
scripts/fix-stuck-tables.ts(115,59): error TS2820: Type '"ready"' is not assignable to type 'OrderStatus'. Did you mean '"READY"'?
scripts/fix-stuck-tables.ts(119,15): error TS2820: Type '"served"' is not assignable to type 'OrderStatus | EnumOrderStatusFilter<"Order"> | undefined'. Did you mean '"SERVED"'?
scripts/fix-stuck-tables.ts(120,40): error TS2820: Type '"paid"' is not assignable to type 'OrderPaymentStatus'. Did you mean '"PAID"'?
scripts/fix-stuck-tables.ts(120,48): error TS2322: Type '"completed"' is not assignable to type 'OrderPaymentStatus'.
scripts/fix-stuck-tables.ts(131,13): error TS2820: Type '"available"' is not assignable to type 'TableStatus | EnumTableStatusFieldUpdateOperationsInput | undefined'. Did you mean '"AVAILABLE"'?
scripts/get-qr-urls.ts(12,11): error TS2353: Object literal may only specify known properties, and 'subdomain' does not exist in type '(Without<RestaurantScalarRelationFilter, RestaurantWhereInput> & RestaurantWhereInput) | (Without<...> & RestaurantScalarRelationFilter)'.
scripts/get-qr-urls.ts(18,13): error TS2353: Object literal may only specify known properties, and 'subdomain' does not exist in type 'RestaurantSelect<DefaultArgs>'.
scripts/get-qr-urls.ts(30,27): error TS2551: Property 'restaurant' does not exist on type '{ id: string; createdAt: Date; updatedAt: Date; tableName: string | null; restaurantId: string; status: TableStatus; tableNumber: string; qrCodeToken: string; capacity: number; locationDescription: string | null; }'. Did you mean 'restaurantId'?
scripts/reproduce-validation.ts(63,61): error TS2339: Property 'menuItemVariation' does not exist on type '{ createRestaurant: { name: { value: string; required: boolean; type: "string"; minLength: number; maxLength: number; }; slug: { value: string; required: boolean; type: "string"; minLength: number; maxLength: number; pattern: RegExp; }; ... 4 more ...; timezone: { ...; }; }; createMenuItem: { ...; }; createOrder: { ...'.
scripts/standardize-statuses.ts(51,16): error TS2322: Type '"completed"' is not assignable to type 'OrderPaymentStatus | EnumOrderPaymentStatusFilter<"Order"> | undefined'.
scripts/standardize-statuses.ts(52,15): error TS2820: Type '"paid"' is not assignable to type 'OrderPaymentStatus | EnumOrderPaymentStatusFieldUpdateOperationsInput | undefined'. Did you mean '"PAID"'?
scripts/standardize-statuses.ts(71,16): error TS2322: Type '"completed"' is not assignable to type 'CustomerSessionStatus | EnumCustomerSessionStatusFilter<"CustomerSession"> | undefined'.
scripts/standardize-statuses.ts(72,15): error TS2820: Type '"ended"' is not assignable to type 'CustomerSessionStatus | EnumCustomerSessionStatusFieldUpdateOperationsInput | undefined'. Did you mean '"ENDED"'?
scripts/test-cart.ts(13,18): error TS2353: Object literal may only specify known properties, and 'variations' does not exist in type 'MenuItemInclude<DefaultArgs>'.
scripts/test-cart.ts(29,7): error TS2561: Object literal may only specify known properties, but 'variationIds' does not exist in type '{ tableId: string; menuItemId: string; quantity: number; unitPrice: number; sessionId?: string | undefined; variationId?: string | undefined; specialInstructions?: string | undefined; }'. Did you mean to write 'variationId'?
scripts/test-cart.ts(30,18): error TS2339: Property 'variations' does not exist on type '{ name: string; id: string; createdAt: Date; updatedAt: Date; restaurantId: string; description: string | null; status: MenuStatus; categoryId: string; price: Decimal; ... 8 more ...; displayOrder: number; }'.
scripts/test-cart.ts(30,52): error TS2339: Property 'variations' does not exist on type '{ name: string; id: string; createdAt: Date; updatedAt: Date; restaurantId: string; description: string | null; status: MenuStatus; categoryId: string; price: Decimal; ... 8 more ...; displayOrder: number; }'.
scripts/test-db.ts(21,13): error TS2353: Object literal may only specify known properties, and 'variations' does not exist in type 'MenuItemInclude<DefaultArgs>'.
scripts/test-menu-variations.ts(18,13): error TS2353: Object literal may only specify known properties, and 'status' does not exist in type '(Without<RestaurantCreateInput, RestaurantUncheckedCreateInput> & RestaurantUncheckedCreateInput) | (Without<...> & RestaurantCreateInput)'.
scripts/test-menu-variations.ts(41,43): error TS2339: Property 'category' does not exist on type 'PrismaClient<PrismaClientOptions, never, DefaultArgs>'.
scripts/test-menu-variations.ts(103,13): error TS2322: Type '{ restaurantId: string; tableNumber: string; capacity: number; }' is not assignable to type '(Without<TableCreateInput, TableUncheckedCreateInput> & TableUncheckedCreateInput) | (Without<...> & TableCreateInput)'.
  Type '{ restaurantId: string; tableNumber: string; capacity: number; }' is not assignable to type 'Without<TableCreateInput, TableUncheckedCreateInput> & TableUncheckedCreateInput'.
    Property 'qrCodeToken' is missing in type '{ restaurantId: string; tableNumber: string; capacity: number; }' but required in type 'TableUncheckedCreateInput'.
scripts/test-menu-variations.ts(120,35): error TS2339: Property 'cart' does not exist on type 'PrismaClient<PrismaClientOptions, never, DefaultArgs>'.
scripts/test-menu-variations.ts(130,17): error TS2353: Object literal may only specify known properties, and 'cartId' does not exist in type 'Without<CartItemCreateInput, CartItemUncheckedCreateInput> & CartItemUncheckedCreateInput'.
scripts/test-menu-variations.ts(151,39): error TS2339: Property 'selectedOptions' does not exist on type '{ id: string; createdAt: Date; updatedAt: Date; customerSessionId: string; specialInstructions: string | null; subtotal: Decimal; menuItemId: string; quantity: number; unitPrice: Decimal; }'.
scripts/test-menu-variations.ts(151,63): error TS7006: Parameter 'sum' implicitly has an 'any' type.
scripts/test-menu-variations.ts(151,68): error TS7006: Parameter 'opt' implicitly has an 'any' type.
scripts/test-menu-variations.ts(169,13): error TS2322: Type '{ restaurantId: string; tableId: string; orderNumber: string; status: "PENDING"; paymentStatus: "PENDING"; totalAmount: number; subtotalAmount: number; taxAmount: number; serviceCharge: number; items: { ...; }; }' is not assignable to type '(Without<OrderCreateInput, OrderUncheckedCreateInput> & OrderUncheckedCreateInput) | (Without<...> & OrderCreateInput)'.
  Type '{ restaurantId: string; tableId: string; orderNumber: string; status: "PENDING"; paymentStatus: "PENDING"; totalAmount: number; subtotalAmount: number; taxAmount: number; serviceCharge: number; items: { ...; }; }' is not assignable to type 'Without<OrderCreateInput, OrderUncheckedCreateInput> & OrderUncheckedCreateInput'.
    Type '{ restaurantId: string; tableId: string; orderNumber: string; status: "PENDING"; paymentStatus: "PENDING"; totalAmount: number; subtotalAmount: number; taxAmount: number; serviceCharge: number; items: { ...; }; }' is missing the following properties from type 'OrderUncheckedCreateInput': customerSessionId, taxRateSnapshot, serviceChargeRateSnapshot, taxLabelSnapshot, serviceChargeLabelSnapshot
scripts/test-menu-variations.ts(188,46): error TS2339: Property 'selectedOptions' does not exist on type '{ id: string; createdAt: Date; updatedAt: Date; customerSessionId: string; specialInstructions: string | null; subtotal: Decimal; menuItemId: string; quantity: number; unitPrice: Decimal; }'.
scripts/test-menu-variations.ts(188,66): error TS7006: Parameter 'opt' implicitly has an 'any' type.
scripts/test-menu-variations.ts(203,33): error TS2339: Property 'items' does not exist on type '{ id: string; createdAt: Date; updatedAt: Date; restaurantId: string; status: OrderStatus; dailySeq: number | null; orderNumber: string; tableId: string; customerSessionId: string; ... 21 more ...; servedAt: Date | null; }'.
scripts/test-menu-variations.ts(205,80): error TS7006: Parameter 'o' implicitly has an 'any' type.
src/app/api/admin/analytics/roles/export/route.ts(99,14): error TS2339: Property 'roleTemplate' does not exist on type 'PrismaClient<PrismaClientOptions, never, DefaultArgs>'.
src/app/api/admin/analytics/roles/export/route.ts(122,11): error TS2353: Object literal may only specify known properties, and 'entityType' does not exist in type 'AuditLogWhereInput'.
src/app/api/admin/analytics/roles/export/route.ts(127,11): error TS2353: Object literal may only specify known properties, and 'action' does not exist in type 'AuditLogSelect<DefaultArgs>'.
src/app/api/admin/analytics/roles/export/route.ts(133,20): error TS2353: Object literal may only specify known properties, and 'timestamp' does not exist in type 'AuditLogOrderByWithRelationInput | AuditLogOrderByWithRelationInput[]'.
src/app/api/admin/analytics/roles/export/route.ts(140,29): error TS7006: Parameter 'u' implicitly has an 'any' type.
src/app/api/admin/analytics/roles/export/route.ts(141,31): error TS7006: Parameter 'u' implicitly has an 'any' type.
src/app/api/admin/analytics/roles/export/route.ts(142,20): error TS7006: Parameter 'u' implicitly has an 'any' type.
src/app/api/admin/analytics/roles/export/route.ts(148,38): error TS7006: Parameter 'role' implicitly has an 'any' type.
src/app/api/admin/analytics/roles/export/route.ts(150,43): error TS7006: Parameter 't' implicitly has an 'any' type.
src/app/api/admin/analytics/roles/export/route.ts(186,44): error TS7006: Parameter 'p' implicitly has an 'any' type.
src/app/api/admin/analytics/roles/export/route.ts(201,38): error TS7006: Parameter 'r' implicitly has an 'any' type.
src/app/api/admin/analytics/roles/export/route.ts(202,40): error TS7006: Parameter 'r' implicitly has an 'any' type.
src/app/api/admin/analytics/roles/export/route.ts(203,43): error TS7006: Parameter 'r' implicitly has an 'any' type.
src/app/api/admin/analytics/roles/export/route.ts(204,45): error TS7006: Parameter 'r' implicitly has an 'any' type.
src/app/api/admin/analytics/roles/export/route.ts(205,43): error TS7006: Parameter 'r' implicitly has an 'any' type.
src/app/api/admin/analytics/roles/export/route.ts(205,65): error TS2339: Property 'filter' does not exist on type 'Set<unknown>'.
src/app/api/admin/analytics/roles/export/route.ts(207,28): error TS7006: Parameter 'sum' implicitly has an 'any' type.
src/app/api/admin/analytics/roles/export/route.ts(207,33): error TS7006: Parameter 'r' implicitly has an 'any' type.
src/app/api/admin/analytics/roles/export/route.ts(209,22): error TS18048: 'context' is possibly 'undefined'.
src/app/api/admin/analytics/roles/export/route.ts(209,48): error TS18048: 'context' is possibly 'undefined'.
src/app/api/admin/analytics/roles/export/route.ts(216,7): error TS18048: 'context' is possibly 'undefined'.
src/app/api/admin/analytics/roles/export/route.ts(274,27): error TS7006: Parameter 'row' implicitly has an 'any' type.
src/app/api/admin/analytics/roles/export/route.ts(326,44): error TS7006: Parameter 'rt' implicitly has an 'any' type.
src/app/api/admin/analytics/roles/export/route.ts(376,59): error TS18046: 'error' is of type 'unknown'.
src/app/api/admin/analytics/roles/route.ts(151,40): error TS2339: Property 'roleTemplate' does not exist on type 'PrismaClient<PrismaClientOptions, never, DefaultArgs>'.
src/app/api/admin/analytics/roles/route.ts(168,43): error TS7006: Parameter 't' implicitly has an 'any' type.
src/app/api/admin/analytics/roles/route.ts(181,47): error TS2345: Argument of type 'JsonValue' is not assignable to parameter of type 'string'.
  Type 'null' is not assignable to type 'string'.
src/app/api/admin/analytics/roles/route.ts(183,31): error TS2345: Argument of type 'JsonValue' is not assignable to parameter of type 'string'.
  Type 'null' is not assignable to type 'string'.
src/app/api/admin/analytics/roles/route.ts(236,54): error TS7006: Parameter 't' implicitly has an 'any' type.
src/app/api/admin/analytics/roles/route.ts(248,54): error TS7006: Parameter 't' implicitly has an 'any' type.
src/app/api/admin/analytics/roles/route.ts(260,54): error TS7006: Parameter 't' implicitly has an 'any' type.
src/app/api/admin/analytics/roles/route.ts(292,50): error TS7006: Parameter 't' implicitly has an 'any' type.
src/app/api/admin/analytics/roles/route.ts(331,13): error TS2353: Object literal may only specify known properties, and 'user' does not exist in type 'UserRoleWhereInput'.
src/app/api/admin/analytics/roles/route.ts(332,13): error TS2353: Object literal may only specify known properties, and 'user' does not exist in type 'UserRoleWhereInput'.
src/app/api/admin/analytics/roles/route.ts(333,13): error TS2353: Object literal may only specify known properties, and 'user' does not exist in type 'UserRoleWhereInput'.
src/app/api/admin/analytics/roles/route.ts(381,13): error TS2353: Object literal may only specify known properties, and 'action' does not exist in type 'AuditLogWhereInput'.
src/app/api/admin/analytics/roles/route.ts(388,13): error TS2353: Object literal may only specify known properties, and 'action' does not exist in type 'AuditLogWhereInput'.
src/app/api/admin/analytics/roles/route.ts(407,7): error TS18048: 'context' is possibly 'undefined'.
src/app/api/admin/analytics/roles/route.ts(452,22): error TS18048: 'context' is possibly 'undefined'.
src/app/api/admin/analytics/roles/route.ts(478,59): error TS18046: 'error' is of type 'unknown'.
src/app/api/admin/analytics/route.ts(116,47): error TS2365: Operator '+' cannot be applied to types 'number' and 'Decimal'.
src/app/api/admin/analytics/route.ts(123,47): error TS2365: Operator '+' cannot be applied to types 'number' and 'Decimal'.
src/app/api/admin/analytics/route.ts(171,49): error TS2365: Operator '+' cannot be applied to types 'number' and 'Decimal'.
src/app/api/admin/analytics/route.ts(199,51): error TS2365: Operator '+' cannot be applied to types 'number' and 'Decimal'.
src/app/api/admin/analytics/route.ts(266,52): error TS18046: 'error' is of type 'unknown'.
src/app/api/admin/audit/user-roles/export/route.ts(101,9): error TS2353: Object literal may only specify known properties, and 'performedBy' does not exist in type 'AuditLogInclude<DefaultArgs>'.
src/app/api/admin/audit/user-roles/export/route.ts(110,18): error TS2353: Object literal may only specify known properties, and 'timestamp' does not exist in type 'AuditLogOrderByWithRelationInput | AuditLogOrderByWithRelationInput[]'.
src/app/api/admin/audit/user-roles/export/route.ts(115,36): error TS2339: Property 'details' does not exist on type '{ id: string; adminId: string | null; ipAddress: string | null; userAgent: string | null; tableName: string; recordId: string; operation: string; oldValues: JsonValue; newValues: JsonValue; ... 10 more ...; sessionId: string | null; }'.
src/app/api/admin/audit/user-roles/export/route.ts(115,65): error TS2339: Property 'details' does not exist on type '{ id: string; adminId: string | null; ipAddress: string | null; userAgent: string | null; tableName: string; recordId: string; operation: string; oldValues: JsonValue; newValues: JsonValue; ... 10 more ...; sessionId: string | null; }'.
src/app/api/admin/audit/user-roles/export/route.ts(119,26): error TS2339: Property 'timestamp' does not exist on type '{ id: string; adminId: string | null; ipAddress: string | null; userAgent: string | null; tableName: string; recordId: string; operation: string; oldValues: JsonValue; newValues: JsonValue; ... 10 more ...; sessionId: string | null; }'.
src/app/api/admin/audit/user-roles/export/route.ts(120,23): error TS2339: Property 'action' does not exist on type '{ id: string; adminId: string | null; ipAddress: string | null; userAgent: string | null; tableName: string; recordId: string; operation: string; oldValues: JsonValue; newValues: JsonValue; ... 10 more ...; sessionId: string | null; }'.
src/app/api/admin/audit/user-roles/export/route.ts(122,28): error TS2339: Property 'performedBy' does not exist on type '{ id: string; adminId: string | null; ipAddress: string | null; userAgent: string | null; tableName: string; recordId: string; operation: string; oldValues: JsonValue; newValues: JsonValue; ... 10 more ...; sessionId: string | null; }'.
src/app/api/admin/audit/user-roles/export/route.ts(122,51): error TS2339: Property 'performedBy' does not exist on type '{ id: string; adminId: string | null; ipAddress: string | null; userAgent: string | null; tableName: string; recordId: string; operation: string; oldValues: JsonValue; newValues: JsonValue; ... 10 more ...; sessionId: string | null; }'.
src/app/api/admin/audit/user-roles/export/route.ts(122,82): error TS2339: Property 'performedBy' does not exist on type '{ id: string; adminId: string | null; ipAddress: string | null; userAgent: string | null; tableName: string; recordId: string; operation: string; oldValues: JsonValue; newValues: JsonValue; ... 10 more ...; sessionId: string | null; }'.
src/app/api/admin/audit/user-roles/export/route.ts(123,33): error TS2339: Property 'performedBy' does not exist on type '{ id: string; adminId: string | null; ipAddress: string | null; userAgent: string | null; tableName: string; recordId: string; operation: string; oldValues: JsonValue; newValues: JsonValue; ... 10 more ...; sessionId: string | null; }'.
src/app/api/admin/audit/user-roles/export/route.ts(140,7): error TS18048: 'context' is possibly 'undefined'.
src/app/api/admin/audit/user-roles/export/route.ts(204,15): error TS18047: 'row.description' is possibly 'null'.
src/app/api/admin/audit/user-roles/export/route.ts(226,17): error TS18048: 'context' is possibly 'undefined'.
src/app/api/admin/audit/user-roles/export/route.ts(227,20): error TS18048: 'context' is possibly 'undefined'.
src/app/api/admin/audit/user-roles/export/route.ts(228,22): error TS18048: 'context' is possibly 'undefined'.
src/app/api/admin/audit/user-roles/export/route.ts(228,48): error TS18048: 'context' is possibly 'undefined'.
src/app/api/admin/audit/user-roles/export/route.ts(283,59): error TS18046: 'error' is of type 'unknown'.
src/app/api/admin/audit/user-roles/route.ts(99,9): error TS2353: Object literal may only specify known properties, and 'performedBy' does not exist in type 'AuditLogInclude<DefaultArgs>'.
src/app/api/admin/audit/user-roles/route.ts(108,18): error TS2353: Object literal may only specify known properties, and 'timestamp' does not exist in type 'AuditLogOrderByWithRelationInput | AuditLogOrderByWithRelationInput[]'.
src/app/api/admin/audit/user-roles/route.ts(120,36): error TS2339: Property 'details' does not exist on type '{ id: string; adminId: string | null; ipAddress: string | null; userAgent: string | null; tableName: string; recordId: string; operation: string; oldValues: JsonValue; newValues: JsonValue; ... 10 more ...; sessionId: string | null; }'.
src/app/api/admin/audit/user-roles/route.ts(120,65): error TS2339: Property 'details' does not exist on type '{ id: string; adminId: string | null; ipAddress: string | null; userAgent: string | null; tableName: string; recordId: string; operation: string; oldValues: JsonValue; newValues: JsonValue; ... 10 more ...; sessionId: string | null; }'.
src/app/api/admin/audit/user-roles/route.ts(125,23): error TS2339: Property 'entityId' does not exist on type '{ id: string; adminId: string | null; ipAddress: string | null; userAgent: string | null; tableName: string; recordId: string; operation: string; oldValues: JsonValue; newValues: JsonValue; ... 10 more ...; sessionId: string | null; }'.
src/app/api/admin/audit/user-roles/route.ts(126,23): error TS2339: Property 'action' does not exist on type '{ id: string; adminId: string | null; ipAddress: string | null; userAgent: string | null; tableName: string; recordId: string; operation: string; oldValues: JsonValue; newValues: JsonValue; ... 10 more ...; sessionId: string | null; }'.
src/app/api/admin/audit/user-roles/route.ts(128,28): error TS2339: Property 'performedBy' does not exist on type '{ id: string; adminId: string | null; ipAddress: string | null; userAgent: string | null; tableName: string; recordId: string; operation: string; oldValues: JsonValue; newValues: JsonValue; ... 10 more ...; sessionId: string | null; }'.
src/app/api/admin/audit/user-roles/route.ts(134,26): error TS2339: Property 'timestamp' does not exist on type '{ id: string; adminId: string | null; ipAddress: string | null; userAgent: string | null; tableName: string; recordId: string; operation: string; oldValues: JsonValue; newValues: JsonValue; ... 10 more ...; sessionId: string | null; }'.
src/app/api/admin/audit/user-roles/route.ts(172,9): error TS2322: Type '"action"[]' is not assignable to type 'AuditLogScalarFieldEnum | AuditLogScalarFieldEnum[]'.
  Type '"action"[]' is not assignable to type 'AuditLogScalarFieldEnum[]'.
    Type '"action"' is not assignable to type 'AuditLogScalarFieldEnum'.
src/app/api/admin/audit/user-roles/route.ts(173,18): error TS2353: Object literal may only specify known properties, and 'entityType' does not exist in type 'AuditLogWhereInput'.
src/app/api/admin/audit/user-roles/route.ts(178,18): error TS2353: Object literal may only specify known properties, and 'entityType' does not exist in type 'AuditLogWhereInput'.
src/app/api/admin/audit/user-roles/route.ts(183,20): error TS2353: Object literal may only specify known properties, and 'entityType' does not exist in type 'AuditLogWhereInput'.
src/app/api/admin/audit/user-roles/route.ts(184,22): error TS2353: Object literal may only specify known properties, and 'timestamp' does not exist in type 'AuditLogOrderByWithRelationInput | AuditLogOrderByWithRelationInput[]'.
src/app/api/admin/audit/user-roles/route.ts(185,21): error TS2353: Object literal may only specify known properties, and 'timestamp' does not exist in type 'AuditLogSelect<DefaultArgs>'.
src/app/api/admin/audit/user-roles/route.ts(188,20): error TS2353: Object literal may only specify known properties, and 'entityType' does not exist in type 'AuditLogWhereInput'.
src/app/api/admin/audit/user-roles/route.ts(189,22): error TS2353: Object literal may only specify known properties, and 'timestamp' does not exist in type 'AuditLogOrderByWithRelationInput | AuditLogOrderByWithRelationInput[]'.
src/app/api/admin/audit/user-roles/route.ts(190,21): error TS2353: Object literal may only specify known properties, and 'timestamp' does not exist in type 'AuditLogSelect<DefaultArgs>'.
src/app/api/admin/audit/user-roles/route.ts(197,7): error TS18048: 'context' is possibly 'undefined'.
src/app/api/admin/audit/user-roles/route.ts(234,22): error TS18048: 'context' is possibly 'undefined'.
src/app/api/admin/audit/user-roles/route.ts(267,59): error TS18046: 'error' is of type 'unknown'.
src/app/api/admin/menu/analytics/route.ts(77,17): error TS2339: Property 'menuItem' does not exist on type '{ order: { restaurantId: string; createdAt: { gte: Date; lte: Date; }; status: { not: string; }; }; }'.
src/app/api/admin/menu/analytics/route.ts(85,7): error TS2322: Type '{ order: { restaurantId: string; createdAt: { gte: Date; lte: Date; }; status: { not: string; }; }; }' is not assignable to type 'OrderItemWhereInput'.
  Types of property 'order' are incompatible.
    Type '{ restaurantId: string; createdAt: { gte: Date; lte: Date; }; status: { not: string; }; }' is not assignable to type '(Without<OrderScalarRelationFilter, OrderWhereInput> & OrderWhereInput) | (Without<OrderWhereInput, OrderScalarRelationFilter> & OrderScalarRelationFilter) | undefined'.
      Type '{ restaurantId: string; createdAt: { gte: Date; lte: Date; }; status: { not: string; }; }' is not assignable to type 'Without<OrderScalarRelationFilter, OrderWhereInput> & OrderWhereInput'.
        Types of property 'status' are incompatible.
          Type '{ not: string; }' is not assignable to type 'OrderStatus | EnumOrderStatusFilter<"Order"> | undefined'.
            Type '{ not: string; }' is not assignable to type 'EnumOrderStatusFilter<"Order">'.
              Types of property 'not' are incompatible.
                Type 'string' is not assignable to type 'OrderStatus | NestedEnumOrderStatusFilter<"Order"> | undefined'.
src/app/api/admin/menu/analytics/route.ts(207,7): error TS2322: Type '{ order: { restaurantId: string; createdAt: { gte: Date; lte: Date; }; status: { not: string; }; }; }' is not assignable to type 'OrderItemWhereInput'.
  Types of property 'order' are incompatible.
    Type '{ restaurantId: string; createdAt: { gte: Date; lte: Date; }; status: { not: string; }; }' is not assignable to type '(Without<OrderScalarRelationFilter, OrderWhereInput> & OrderWhereInput) | (Without<OrderWhereInput, OrderScalarRelationFilter> & OrderScalarRelationFilter) | undefined'.
      Type '{ restaurantId: string; createdAt: { gte: Date; lte: Date; }; status: { not: string; }; }' is not assignable to type 'Without<OrderScalarRelationFilter, OrderWhereInput> & OrderWhereInput'.
        Types of property 'status' are incompatible.
          Type '{ not: string; }' is not assignable to type 'OrderStatus | EnumOrderStatusFilter<"Order"> | undefined'.
            Type '{ not: string; }' is not assignable to type 'EnumOrderStatusFilter<"Order">'.
              Types of property 'not' are incompatible.
                Type 'string' is not assignable to type 'OrderStatus | NestedEnumOrderStatusFilter<"Order"> | undefined'.
src/app/api/admin/menu/analytics/route.ts(240,7): error TS2322: Type '{ order: { restaurantId: string; createdAt: { gte: Date; lte: Date; }; status: { not: string; }; }; }' is not assignable to type 'OrderItemWhereInput'.
  Types of property 'order' are incompatible.
    Type '{ restaurantId: string; createdAt: { gte: Date; lte: Date; }; status: { not: string; }; }' is not assignable to type '(Without<OrderScalarRelationFilter, OrderWhereInput> & OrderWhereInput) | (Without<OrderWhereInput, OrderScalarRelationFilter> & OrderScalarRelationFilter) | undefined'.
      Type '{ restaurantId: string; createdAt: { gte: Date; lte: Date; }; status: { not: string; }; }' is not assignable to type 'Without<OrderScalarRelationFilter, OrderWhereInput> & OrderWhereInput'.
        Types of property 'status' are incompatible.
          Type '{ not: string; }' is not assignable to type 'OrderStatus | EnumOrderStatusFilter<"Order"> | undefined'.
            Type '{ not: string; }' is not assignable to type 'EnumOrderStatusFilter<"Order">'.
              Types of property 'not' are incompatible.
                Type 'string' is not assignable to type 'OrderStatus | NestedEnumOrderStatusFilter<"Order"> | undefined'.
src/app/api/admin/menu/analytics/route.ts(310,35): error TS18048: 'avgOrderValue._avg' is possibly 'undefined'.
src/app/api/admin/menu/bulk/route.ts(37,60): error TS2339: Property 'permissions' does not exist on type 'UserRole'.
src/app/api/admin/menu/bulk/route.ts(147,13): error TS2322: Type 'number' is not assignable to type 'Decimal'.
src/app/api/admin/menu/bulk/route.ts(147,24): error TS2362: The left-hand side of an arithmetic operation must be of type 'any', 'number', 'bigint' or an enum type.
src/app/api/admin/menu/bulk/route.ts(154,40): error TS2345: Argument of type 'Decimal' is not assignable to parameter of type 'number'.
src/app/api/admin/menu/bulk/route.ts(164,22): error TS2339: Property 'menuItemVariation' does not exist on type 'PrismaClient<PrismaClientOptions, never, DefaultArgs>'.
src/app/api/admin/menu/bulk/route.ts(228,60): error TS2339: Property 'permissions' does not exist on type 'UserRole'.
src/app/api/admin/menu/categories/route.ts(55,13): error TS2353: Object literal may only specify known properties, and 'variations' does not exist in type 'MenuItemInclude<DefaultArgs>'.
src/app/api/admin/menu/export/route.ts(65,9): error TS2353: Object literal may only specify known properties, and 'variations' does not exist in type 'MenuItemInclude<DefaultArgs>'.
src/app/api/admin/menu/export/route.ts(97,18): error TS2551: Property 'category' does not exist on type '{ name: string; id: string; createdAt: Date; updatedAt: Date; restaurantId: string; description: string | null; status: MenuStatus; categoryId: string; price: Decimal; ... 8 more ...; displayOrder: number; }'. Did you mean 'categoryId'?
src/app/api/admin/menu/export/route.ts(106,14): error TS2339: Property 'variations' does not exist on type '{ name: string; id: string; createdAt: Date; updatedAt: Date; restaurantId: string; description: string | null; status: MenuStatus; categoryId: string; price: Decimal; ... 8 more ...; displayOrder: number; }'.
src/app/api/admin/menu/export/route.ts(127,44): error TS2339: Property 'restaurantName' does not exist on type 'UserRole'.
src/app/api/admin/menu/export/route.ts(133,60): error TS2551: Property 'category' does not exist on type '{ name: string; id: string; createdAt: Date; updatedAt: Date; restaurantId: string; description: string | null; status: MenuStatus; categoryId: string; price: Decimal; ... 8 more ...; displayOrder: number; }'. Did you mean 'categoryId'?
src/app/api/admin/menu/export/route.ts(140,20): error TS2551: Property 'category' does not exist on type '{ name: string; id: string; createdAt: Date; updatedAt: Date; restaurantId: string; description: string | null; status: MenuStatus; categoryId: string; price: Decimal; ... 8 more ...; displayOrder: number; }'. Did you mean 'categoryId'?
src/app/api/admin/menu/export/route.ts(141,22): error TS2551: Property 'category' does not exist on type '{ name: string; id: string; createdAt: Date; updatedAt: Date; restaurantId: string; description: string | null; status: MenuStatus; categoryId: string; price: Decimal; ... 8 more ...; displayOrder: number; }'. Did you mean 'categoryId'?
src/app/api/admin/menu/export/route.ts(152,26): error TS2339: Property 'variations' does not exist on type '{ name: string; id: string; createdAt: Date; updatedAt: Date; restaurantId: string; description: string | null; status: MenuStatus; categoryId: string; price: Decimal; ... 8 more ...; displayOrder: number; }'.
src/app/api/admin/menu/export/route.ts(152,41): error TS7006: Parameter 'variation' implicitly has an 'any' type.
src/app/api/admin/menu/import/route.ts(37,60): error TS2339: Property 'permissions' does not exist on type 'UserRole'.
src/app/api/admin/menu/import/route.ts(84,49): error TS7006: Parameter 'a' implicitly has an 'any' type.
src/app/api/admin/menu/import/route.ts(86,51): error TS7006: Parameter 'd' implicitly has an 'any' type.
src/app/api/admin/menu/import/route.ts(91,31): error TS2345: Argument of type 'string' is not assignable to parameter of type 'never'.
src/app/api/admin/menu/import/route.ts(151,29): error TS2345: Argument of type 'string' is not assignable to parameter of type 'never'.
src/app/api/admin/menu/import/route.ts(151,46): error TS18046: 'error' is of type 'unknown'.
src/app/api/admin/menu/items/[id]/route.ts(165,9): error TS2353: Object literal may only specify known properties, and 'variations' does not exist in type 'MenuItemInclude<DefaultArgs>'.
src/app/api/admin/menu/items/[id]/route.ts(282,18): error TS2339: Property 'menuItemVariation' does not exist on type 'PrismaClient<PrismaClientOptions, never, DefaultArgs>'.
src/app/api/admin/menu/items/[id]/variations/[variationId]/route.ts(40,60): error TS2339: Property 'permissions' does not exist on type 'UserRole'.
src/app/api/admin/menu/items/[id]/variations/[variationId]/route.ts(52,36): error TS2339: Property 'menuItemVariation' does not exist on type 'PrismaClient<PrismaClientOptions, never, DefaultArgs>'.
src/app/api/admin/menu/items/[id]/variations/[variationId]/route.ts(81,43): error TS2339: Property 'menuItemVariation' does not exist on type 'PrismaClient<PrismaClientOptions, never, DefaultArgs>'.
src/app/api/admin/menu/items/[id]/variations/[variationId]/route.ts(143,60): error TS2339: Property 'permissions' does not exist on type 'UserRole'.
src/app/api/admin/menu/items/[id]/variations/[variationId]/route.ts(154,36): error TS2339: Property 'menuItemVariation' does not exist on type 'PrismaClient<PrismaClientOptions, never, DefaultArgs>'.
src/app/api/admin/menu/items/[id]/variations/[variationId]/route.ts(174,18): error TS2339: Property 'menuItemVariation' does not exist on type 'PrismaClient<PrismaClientOptions, never, DefaultArgs>'.
src/app/api/admin/menu/items/[id]/variations/route.ts(47,9): error TS2353: Object literal may only specify known properties, and 'variations' does not exist in type 'MenuItemInclude<DefaultArgs>'.
src/app/api/admin/menu/items/[id]/variations/route.ts(53,31): error TS2551: Property 'category' does not exist on type '{ name: string; id: string; createdAt: Date; updatedAt: Date; restaurantId: string; description: string | null; status: MenuStatus; categoryId: string; price: Decimal; ... 8 more ...; displayOrder: number; }'. Did you mean 'categoryId'?
src/app/api/admin/menu/items/[id]/variations/route.ts(62,28): error TS2339: Property 'variations' does not exist on type '{ name: string; id: string; createdAt: Date; updatedAt: Date; restaurantId: string; description: string | null; status: MenuStatus; categoryId: string; price: Decimal; ... 8 more ...; displayOrder: number; }'.
src/app/api/admin/menu/items/[id]/variations/route.ts(109,60): error TS2339: Property 'permissions' does not exist on type 'UserRole'.
src/app/api/admin/menu/items/[id]/variations/route.ts(152,42): error TS2339: Property 'menuItemVariation' does not exist on type 'PrismaClient<PrismaClientOptions, never, DefaultArgs>'.
src/app/api/admin/menu/items/[id]/variations/route.ts(159,36): error TS2339: Property 'menuItemVariation' does not exist on type 'PrismaClient<PrismaClientOptions, never, DefaultArgs>'.
src/app/api/admin/menu/items/route.ts(83,9): error TS2353: Object literal may only specify known properties, and 'variations' does not exist in type 'MenuItemInclude<DefaultArgs>'.
src/app/api/admin/menu/items/route.ts(275,9): error TS2353: Object literal may only specify known properties, and 'variations' does not exist in type 'MenuItemInclude<DefaultArgs>'.
src/app/api/admin/menu/items/route.ts(332,59): error TS18046: 'error' is of type 'unknown'.
src/app/api/admin/permissions/route.ts(87,29): error TS2339: Property 'updatedAt' does not exist on type '{ id: string; isActive: boolean; createdAt: Date; category: string; description: string; permissionKey: string; }'.
src/app/api/admin/permissions/route.ts(103,22): error TS18048: 'context' is possibly 'undefined'.
src/app/api/admin/permissions/route.ts(174,7): error TS18048: 'context' is possibly 'undefined'.
src/app/api/admin/permissions/route.ts(263,7): error TS18048: 'context' is possibly 'undefined'.
src/app/api/admin/permissions/route.ts(290,38): error TS2339: Property 'updatedAt' does not exist on type '{ id: string; isActive: boolean; createdAt: Date; category: string; description: string; permissionKey: string; }'.
src/app/api/admin/permissions/route.ts(360,9): error TS2353: Object literal may only specify known properties, and 'updatedAt' does not exist in type '(Without<PermissionUpdateInput, PermissionUncheckedUpdateInput> & PermissionUncheckedUpdateInput) | (Without<...> & PermissionUpdateInput)'.
src/app/api/admin/permissions/route.ts(369,7): error TS18048: 'context' is possibly 'undefined'.
src/app/api/admin/role-templates/[template]/route.ts(101,35): error TS2339: Property 'ROLE_DESCRIPTIONS' does not exist on type '{ readonly JWT_ISSUER: "qr-restaurant-system"; readonly JWT_ALGORITHM: "HS256"; readonly JWT_EXPIRES_IN: "30m"; readonly REFRESH_TOKEN_EXPIRES_IN: number; readonly SESSION_TIMEOUT: number; ... 4 more ...; readonly AUDIT_ACTIONS: readonly [...]; }'.
src/app/api/admin/role-templates/[template]/route.ts(102,57): error TS2345: Argument of type 'string' is not assignable to parameter of type '"platform_admin" | "restaurant_owner" | "manager" | "waiter" | "kitchen_staff" | "cashier"'.
src/app/api/admin/role-templates/[template]/route.ts(128,22): error TS18048: 'context' is possibly 'undefined'.
src/app/api/admin/role-templates/[template]/route.ts(264,7): error TS18048: 'context' is possibly 'undefined'.
src/app/api/admin/role-templates/[template]/route.ts(335,48): error TS2345: Argument of type 'string' is not assignable to parameter of type '"platform_admin" | "restaurant_owner" | "manager" | "waiter" | "kitchen_staff" | "cashier"'.
src/app/api/admin/role-templates/[template]/route.ts(367,7): error TS18048: 'context' is possibly 'undefined'.
src/app/api/admin/role-templates/route.ts(79,35): error TS2339: Property 'ROLE_DESCRIPTIONS' does not exist on type '{ readonly JWT_ISSUER: "qr-restaurant-system"; readonly JWT_ALGORITHM: "HS256"; readonly JWT_EXPIRES_IN: "30m"; readonly REFRESH_TOKEN_EXPIRES_IN: number; readonly SESSION_TIMEOUT: number; ... 4 more ...; readonly AUDIT_ACTIONS: readonly [...]; }'.
src/app/api/admin/role-templates/route.ts(98,15): error TS2339: Property 'updatedAt' does not exist on type 'Prisma__UserRoleClient<{ updatedAt: Date; } | null, null, DefaultArgs, PrismaClientOptions>'.
src/app/api/admin/role-templates/route.ts(107,22): error TS18048: 'context' is possibly 'undefined'.
src/app/api/admin/role-templates/route.ts(239,7): error TS18048: 'context' is possibly 'undefined'.
src/app/api/admin/role-templates/route.ts(370,7): error TS18048: 'context' is possibly 'undefined'.
src/app/api/admin/users/bulk/route.ts(188,61): error TS7006: Parameter 'p' implicitly has an 'any' type.
src/app/api/admin/users/bulk/route.ts(317,11): error TS18048: 'context' is possibly 'undefined'.
src/app/api/admin/users/bulk/route.ts(362,7): error TS18048: 'context' is possibly 'undefined'.
src/app/api/admin/users/bulk/route.ts(416,59): error TS18046: 'error' is of type 'unknown'.
src/app/api/admin/users/route.ts(179,53): error TS2551: Property 'getUserPermissions' does not exist on type 'typeof PermissionManager'. Did you mean 'getAllPermissions'?
src/app/api/admin/users/route.ts(181,14): error TS2339: Property 'rbacData' does not exist on type '{ userType: "platform_admin"; id: string; email: string; firstName: string; lastName: string; isActive: boolean; lastLoginAt: Date | null; createdAt: Date; } | { userType: "restaurant_owner"; ... 9 more ...; restaurants: { ...; }[]; } | { ...; }'.
  Property 'rbacData' does not exist on type '{ userType: "platform_admin"; id: string; email: string; firstName: string; lastName: string; isActive: boolean; lastLoginAt: Date | null; createdAt: Date; }'.
src/app/api/admin/users/route.ts(263,22): error TS18048: 'context' is possibly 'undefined'.
src/app/api/admin/users/route.ts(292,59): error TS18046: 'error' is of type 'unknown'.
src/app/api/admin/users/route.ts(398,61): error TS7006: Parameter 'p' implicitly has an 'any' type.
src/app/api/admin/users/route.ts(437,7): error TS18048: 'context' is possibly 'undefined'.
src/app/api/admin/users/route.ts(453,23): error TS18048: 'context' is possibly 'undefined'.
src/app/api/admin/users/route.ts(547,61): error TS7006: Parameter 'p' implicitly has an 'any' type.
src/app/api/admin/users/route.ts(585,7): error TS18048: 'context' is possibly 'undefined'.
src/app/api/admin/users/route.ts(590,9): error TS2322: Type 'string' is not assignable to type '"staff" | "platform_admin" | "restaurant_owner" | undefined'.
src/app/api/admin/users/route.ts(592,9): error TS2322: Type 'string | null' is not assignable to type 'string | undefined'.
  Type 'null' is not assignable to type 'string | undefined'.
src/app/api/admin/users/route.ts(701,7): error TS18048: 'context' is possibly 'undefined'.
src/app/api/admin/users/route.ts(706,9): error TS2322: Type 'string' is not assignable to type '"staff" | "platform_admin" | "restaurant_owner" | undefined'.
src/app/api/admin/users/route.ts(708,9): error TS2322: Type 'string | null' is not assignable to type 'string | undefined'.
  Type 'null' is not assignable to type 'string | undefined'.
src/app/api/admin/users/route.ts(717,22): error TS18048: 'context' is possibly 'undefined'.
src/app/api/auth/login/route-legacy-backup.ts(2,49): error TS2305: Module '"@/lib/auth"' has no exported member 'getCookieNameForUserType'.
src/app/api/auth/login/route-legacy-backup.ts(19,25): error TS2304: Cannot find name 'getRestaurantSlugFromSubdomain'.
src/app/api/auth/login/route-legacy-backup.ts(142,31): error TS2339: Property 'generateToken' does not exist on type 'typeof AuthService'.
src/app/api/auth/login/route-legacy-backup.ts(223,9): error TS18046: 'responseData.user' is of type 'unknown'.
src/app/api/auth/login/route-legacy-backup.ts(226,9): error TS18046: 'responseData.user' is of type 'unknown'.
src/app/api/auth/login/route-legacy-backup.ts(227,9): error TS18046: 'responseData.user' is of type 'unknown'.
src/app/api/auth/login/route-legacy-backup.ts(228,9): error TS18046: 'responseData.user' is of type 'unknown'.
src/app/api/auth/login/route-legacy-backup.ts(231,9): error TS18046: 'responseData.user' is of type 'unknown'.
src/app/api/auth/login/route-legacy-backup.ts(232,9): error TS18046: 'responseData.user' is of type 'unknown'.
src/app/api/auth/login/route-legacy-backup.ts(233,9): error TS18046: 'responseData.user' is of type 'unknown'.
src/app/api/auth/login/route-legacy-backup.ts(234,9): error TS18046: 'responseData.user' is of type 'unknown'.
src/app/api/auth/login/route-legacy-backup.ts(235,9): error TS18046: 'responseData.user' is of type 'unknown'.
src/app/api/auth/login/route-legacy-backup.ts(260,30): error TS2345: Argument of type '[{ name: "qr_auth_token" | "qr_owner_token" | "qr_staff_token" | "qr_admin_token" | null; value: string; httpOnly: true; secure: boolean; sameSite: "lax"; maxAge: number; path: string; }]' is not assignable to parameter of type '[key: string, value: string, cookie?: Partial<ResponseCookie> | undefined] | [options: ResponseCookie]'.
  Type '[{ name: "qr_auth_token" | "qr_owner_token" | "qr_staff_token" | "qr_admin_token" | null; value: string; httpOnly: true; secure: boolean; sameSite: "lax"; maxAge: number; path: string; }]' is not assignable to type '[options: ResponseCookie]'.
    Type '{ name: "qr_auth_token" | "qr_owner_token" | "qr_staff_token" | "qr_admin_token" | null; value: string; httpOnly: true; secure: boolean; sameSite: "lax"; maxAge: number; path: string; }' is not assignable to type 'ResponseCookie'.
      Type '{ name: "qr_auth_token" | "qr_owner_token" | "qr_staff_token" | "qr_admin_token" | null; value: string; httpOnly: true; secure: boolean; sameSite: "lax"; maxAge: number; path: string; }' is not assignable to type 'CookieListItem'.
        Types of property 'name' are incompatible.
          Type 'string | null' is not assignable to type 'string'.
            Type 'null' is not assignable to type 'string'.
src/app/api/auth/rbac-login/route.ts(321,20): error TS2339: Property 'user' does not exist on type 'RoleSwitchResultV2'.
src/app/api/auth/rbac-login/route.ts(321,26): error TS2339: Property 'session' does not exist on type 'RoleSwitchResultV2'.
src/app/api/auth/rbac-login/route.ts(343,20): error TS2339: Property 'restaurant' does not exist on type '{ message: string; userType: any; user: { id: any; email: any; firstName: any; lastName: any; currentRole: any; availableRoles: any; permissions: any; }; session: { id: any; expiresAt: any; }; }'.
src/app/api/auth/rbac-login/route.ts(349,26): error TS2345: Argument of type '[{ name: string; value: string | undefined; httpOnly: true; secure: boolean; sameSite: "lax"; maxAge: number; path: string; }]' is not assignable to parameter of type '[key: string, value: string, cookie?: Partial<ResponseCookie> | undefined] | [options: ResponseCookie]'.
  Type '[{ name: string; value: string | undefined; httpOnly: true; secure: boolean; sameSite: "lax"; maxAge: number; path: string; }]' is not assignable to type '[options: ResponseCookie]'.
    Type '{ name: string; value: string | undefined; httpOnly: true; secure: boolean; sameSite: "lax"; maxAge: number; path: string; }' is not assignable to type 'ResponseCookie'.
      Type '{ name: string; value: string | undefined; httpOnly: true; secure: boolean; sameSite: "lax"; maxAge: number; path: string; }' is not assignable to type 'CookieListItem'.
        Types of property 'value' are incompatible.
          Type 'string | undefined' is not assignable to type 'string'.
            Type 'undefined' is not assignable to type 'string'.
src/app/api/auth/rbac-me/route.ts(24,7): error TS2322: Type 'string | null' is not assignable to type 'string | undefined'.
  Type 'null' is not assignable to type 'string | undefined'.
src/app/api/auth/rbac-me/route.ts(54,51): error TS2551: Property 'getUserPermissions' does not exist on type 'typeof PermissionManager'. Did you mean 'getAllPermissions'?
src/app/api/auth/rbac-me/route.ts(194,9): error TS2554: Expected 1 arguments, but got 3.
src/app/api/auth/reset-password/route.ts(26,9): error TS2304: Cannot find name 'tableName'.
src/app/api/auth/reset-password/route.ts(32,9): error TS2304: Cannot find name 'tableName'.
src/app/api/auth/switch-role/route.ts(52,7): error TS18048: 'validation.payload' is possibly 'undefined'.
src/app/api/auth/switch-role/route.ts(65,30): error TS2339: Property 'user' does not exist on type 'RoleSwitchResultV2'.
src/app/api/auth/switch-role/route.ts(65,36): error TS2339: Property 'session' does not exist on type 'RoleSwitchResultV2'.
src/app/api/auth/switch-role/route.ts(87,20): error TS2339: Property 'restaurant' does not exist on type '{ message: string; user: { id: any; email: any; firstName: any; lastName: any; currentRole: any; availableRoles: any; permissions: any; }; session: { id: any; expiresAt: any; }; }'.
src/app/api/auth/switch-role/route.ts(93,26): error TS2345: Argument of type '[{ name: string; value: string | undefined; httpOnly: true; secure: boolean; sameSite: "lax"; maxAge: number; path: string; }]' is not assignable to parameter of type '[key: string, value: string, cookie?: Partial<ResponseCookie> | undefined] | [options: ResponseCookie]'.
  Type '[{ name: string; value: string | undefined; httpOnly: true; secure: boolean; sameSite: "lax"; maxAge: number; path: string; }]' is not assignable to type '[options: ResponseCookie]'.
    Type '{ name: string; value: string | undefined; httpOnly: true; secure: boolean; sameSite: "lax"; maxAge: number; path: string; }' is not assignable to type 'ResponseCookie'.
      Type '{ name: string; value: string | undefined; httpOnly: true; secure: boolean; sameSite: "lax"; maxAge: number; path: string; }' is not assignable to type 'CookieListItem'.
        Types of property 'value' are incompatible.
          Type 'string | undefined' is not assignable to type 'string'.
            Type 'undefined' is not assignable to type 'string'.
src/app/api/auth/switch-role/route.ts(107,19): error TS18048: 'validation.payload' is possibly 'undefined'.
src/app/api/debug-auth/route.ts(85,35): error TS2339: Property 'verifyToken' does not exist on type 'typeof AuthService'.
src/app/api/debug-auth/route.ts(116,38): error TS2339: Property 'verifyToken' does not exist on type 'typeof AuthService'.
src/app/api/menu/[restaurantId]/route.ts(23,13): error TS2353: Object literal may only specify known properties, and 'variations' does not exist in type 'MenuItemInclude<DefaultArgs>'.
src/app/api/menu/[restaurantId]/route.ts(50,27): error TS2339: Property 'menuItems' does not exist on type '{ name: string; id: string; isActive: boolean; createdAt: Date; updatedAt: Date; restaurantId: string; description: string | null; status: MenuStatus; displayOrder: number; }'.
src/app/api/menu/[restaurantId]/route.ts(50,42): error TS7006: Parameter 'item' implicitly has an 'any' type.
src/app/api/menu/[restaurantId]/route.ts(63,42): error TS7006: Parameter 'variation' implicitly has an 'any' type.
src/app/api/orders/[id]/modify/route.ts(261,11): error TS2367: This comparison appears to be unintentional because the types '"PENDING" | "REFUNDED" | "FAILED"' and '"PAID"' have no overlap.
src/app/api/orders/[id]/route.ts(52,13): error TS2353: Object literal may only specify known properties, and 'variations' does not exist in type 'OrderItemInclude<DefaultArgs>'.
src/app/api/orders/[id]/route.ts(91,13): error TS2551: Property 'modifications' does not exist on type '{ id: string; createdAt: Date; updatedAt: Date; restaurantId: string; status: OrderStatus; dailySeq: number | null; orderNumber: string; tableId: string; customerSessionId: string; ... 21 more ...; servedAt: Date | null; }'. Did you mean 'hasModifications'?
src/app/api/orders/[id]/route.ts(91,38): error TS7006: Parameter 'mod' implicitly has an 'any' type.
src/app/api/orders/[id]/route.ts(244,15): error TS2353: Object literal may only specify known properties, and 'variations' does not exist in type 'OrderItemInclude<DefaultArgs>'.
src/app/api/orders/list/route.ts(16,44): error TS2345: Argument of type 'TenantContext | null' is not assignable to parameter of type '{ restaurantId: string; userId: string; userType: "staff" | "platform_admin" | "restaurant_owner" | "customer"; ownerId?: string | undefined; customerSessionToken?: string | undefined; }'.
  Type 'null' is not assignable to type '{ restaurantId: string; userId: string; userType: "staff" | "platform_admin" | "restaurant_owner" | "customer"; ownerId?: string | undefined; customerSessionToken?: string | undefined; }'.
src/app/api/orders/list/route.ts(42,15): error TS2353: Object literal may only specify known properties, and 'variations' does not exist in type 'OrderItemInclude<DefaultArgs>'.
src/app/api/orders/list/route.ts(70,15): error TS18046: 'result' is of type 'unknown'.
src/app/api/orders/list/route.ts(72,16): error TS18046: 'result' is of type 'unknown'.
src/app/api/orders/list/route.ts(75,35): error TS18046: 'result' is of type 'unknown'.
src/app/api/orders/route.ts(47,7): error TS2322: Type 'string' is not assignable to type 'OrderStatus | EnumOrderStatusFilter<"Order"> | undefined'.
src/app/api/orders/table/[tableId]/pay-all/route.ts(79,15): error TS2322: Type '"COMPLETED"' is not assignable to type 'OrderPaymentStatus | undefined'.
src/app/api/orders/table/[tableId]/route.ts(41,13): error TS2353: Object literal may only specify known properties, and 'variations' does not exist in type 'OrderItemInclude<DefaultArgs>'.
src/app/api/owner/restaurants/[id]/orders/[orderId]/route.ts(63,13): error TS2353: Object literal may only specify known properties, and 'variations' does not exist in type 'OrderItemInclude<DefaultArgs>'.
src/app/api/owner/restaurants/[id]/orders/[orderId]/route.ts(77,13): error TS2353: Object literal may only specify known properties, and 'number' does not exist in type 'TableSelect<DefaultArgs>'.
src/app/api/owner/restaurants/[id]/orders/[orderId]/route.ts(115,20): error TS2551: Property 'table' does not exist on type '{ id: string; createdAt: Date; updatedAt: Date; restaurantId: string; status: OrderStatus; dailySeq: number | null; orderNumber: string; tableId: string; customerSessionId: string; ... 21 more ...; servedAt: Date | null; }'. Did you mean 'tableId'?
src/app/api/owner/restaurants/[id]/orders/[orderId]/route.ts(117,27): error TS2551: Property 'table' does not exist on type '{ id: string; createdAt: Date; updatedAt: Date; restaurantId: string; status: OrderStatus; dailySeq: number | null; orderNumber: string; tableId: string; customerSessionId: string; ... 21 more ...; servedAt: Date | null; }'. Did you mean 'tableId'?
src/app/api/owner/restaurants/[id]/orders/[orderId]/route.ts(118,25): error TS2551: Property 'table' does not exist on type '{ id: string; createdAt: Date; updatedAt: Date; restaurantId: string; status: OrderStatus; dailySeq: number | null; orderNumber: string; tableId: string; customerSessionId: string; ... 21 more ...; servedAt: Date | null; }'. Did you mean 'tableId'?
src/app/api/owner/restaurants/[id]/orders/[orderId]/route.ts(121,23): error TS2551: Property 'customerSession' does not exist on type '{ id: string; createdAt: Date; updatedAt: Date; restaurantId: string; status: OrderStatus; dailySeq: number | null; orderNumber: string; tableId: string; customerSessionId: string; ... 21 more ...; servedAt: Date | null; }'. Did you mean 'customerSessionId'?
src/app/api/owner/restaurants/[id]/orders/[orderId]/route.ts(123,25): error TS2551: Property 'customerSession' does not exist on type '{ id: string; createdAt: Date; updatedAt: Date; restaurantId: string; status: OrderStatus; dailySeq: number | null; orderNumber: string; tableId: string; customerSessionId: string; ... 21 more ...; servedAt: Date | null; }'. Did you mean 'customerSessionId'?
src/app/api/owner/restaurants/[id]/orders/[orderId]/route.ts(124,26): error TS2551: Property 'customerSession' does not exist on type '{ id: string; createdAt: Date; updatedAt: Date; restaurantId: string; status: OrderStatus; dailySeq: number | null; orderNumber: string; tableId: string; customerSessionId: string; ... 21 more ...; servedAt: Date | null; }'. Did you mean 'customerSessionId'?
src/app/api/owner/restaurants/[id]/orders/[orderId]/route.ts(125,26): error TS2551: Property 'customerSession' does not exist on type '{ id: string; createdAt: Date; updatedAt: Date; restaurantId: string; status: OrderStatus; dailySeq: number | null; orderNumber: string; tableId: string; customerSessionId: string; ... 21 more ...; servedAt: Date | null; }'. Did you mean 'customerSessionId'?
src/app/api/owner/restaurants/[id]/orders/[orderId]/route.ts(128,25): error TS2339: Property 'items' does not exist on type '{ id: string; createdAt: Date; updatedAt: Date; restaurantId: string; status: OrderStatus; dailySeq: number | null; orderNumber: string; tableId: string; customerSessionId: string; ... 21 more ...; servedAt: Date | null; }'.
src/app/api/owner/restaurants/[id]/orders/[orderId]/route.ts(128,36): error TS7006: Parameter 'item' implicitly has an 'any' type.
src/app/api/owner/restaurants/[id]/orders/[orderId]/route.ts(140,42): error TS7006: Parameter 'variation' implicitly has an 'any' type.
src/app/api/owner/restaurants/[id]/orders/[orderId]/route.ts(163,52): error TS18046: 'error' is of type 'unknown'.
src/app/api/owner/restaurants/[id]/orders/[orderId]/route.ts(305,52): error TS18046: 'error' is of type 'unknown'.
src/app/api/owner/restaurants/[id]/orders/route.ts(142,13): error TS2353: Object literal may only specify known properties, and 'number' does not exist in type 'TableSelect<DefaultArgs>'.
src/app/api/owner/restaurants/[id]/orders/route.ts(164,26): error TS2551: Property 'table' does not exist on type '{ id: string; createdAt: Date; updatedAt: Date; restaurantId: string; status: OrderStatus; dailySeq: number | null; orderNumber: string; tableId: string; customerSessionId: string; ... 21 more ...; servedAt: Date | null; }'. Did you mean 'tableId'?
src/app/api/owner/restaurants/[id]/orders/route.ts(165,27): error TS2551: Property 'customerSession' does not exist on type '{ id: string; createdAt: Date; updatedAt: Date; restaurantId: string; status: OrderStatus; dailySeq: number | null; orderNumber: string; tableId: string; customerSessionId: string; ... 21 more ...; servedAt: Date | null; }'. Did you mean 'customerSessionId'?
src/app/api/owner/restaurants/[id]/orders/route.ts(166,28): error TS2551: Property 'customerSession' does not exist on type '{ id: string; createdAt: Date; updatedAt: Date; restaurantId: string; status: OrderStatus; dailySeq: number | null; orderNumber: string; tableId: string; customerSessionId: string; ... 21 more ...; servedAt: Date | null; }'. Did you mean 'customerSessionId'?
src/app/api/owner/restaurants/[id]/orders/route.ts(168,25): error TS2339: Property 'items' does not exist on type '{ id: string; createdAt: Date; updatedAt: Date; restaurantId: string; status: OrderStatus; dailySeq: number | null; orderNumber: string; tableId: string; customerSessionId: string; ... 21 more ...; servedAt: Date | null; }'.
src/app/api/owner/restaurants/[id]/orders/route.ts(168,36): error TS7006: Parameter 'item' implicitly has an 'any' type.
src/app/api/owner/restaurants/[id]/orders/route.ts(189,52): error TS18046: 'error' is of type 'unknown'.
src/app/api/owner/restaurants/[id]/orders/stats/route.ts(132,52): error TS18046: 'error' is of type 'unknown'.
src/app/api/owner/restaurants/[id]/staff/[staffId]/route.ts(152,59): error TS18046: 'error' is of type 'unknown'.
src/app/api/owner/restaurants/[id]/staff/[staffId]/route.ts(244,59): error TS18046: 'error' is of type 'unknown'.
src/app/api/owner/restaurants/[id]/staff/[staffId]/route.ts(320,59): error TS18046: 'error' is of type 'unknown'.
src/app/api/owner/restaurants/[id]/staff/route.ts(92,52): error TS18046: 'error' is of type 'unknown'.
src/app/api/owner/restaurants/[id]/staff/route.ts(300,52): error TS18046: 'error' is of type 'unknown'.
src/app/api/owner/restaurants/[id]/stats/route.ts(130,52): error TS18046: 'error' is of type 'unknown'.
src/app/api/owner/staff/[id]/reset-password/route.ts(155,26): error TS18048: 'authResult.user' is possibly 'undefined'.
src/app/api/qr/orders/create/route.ts(142,11): error TS2322: Type '{ id: string; menuItemId: string; menuItem: { id: string; name: string; price: number; preparationTime: number; imageUrl: string | undefined; description: string | undefined; allergens: string[]; ... 6 more ...; variations: never[]; }; ... 4 more ...; selectedVariations: { ...; }[]; }[]' is not assignable to type 'CartItem[]'.
  Property 'selectedOptions' is missing in type '{ id: string; menuItemId: string; menuItem: { id: string; name: string; price: number; preparationTime: number; imageUrl: string | undefined; description: string | undefined; allergens: string[]; ... 6 more ...; variations: never[]; }; ... 4 more ...; selectedVariations: { ...; }[]; }' but required in type 'CartItem'.
src/app/api/qr/orders/create/route.ts(265,24): error TS2551: Property 'orderItemVariation' does not exist on type 'PrismaClient<PrismaClientOptions, never, DefaultArgs>'. Did you mean 'orderItemOption'?
src/app/api/rbac-protected/restaurant-management/route.ts(33,9): error TS18048: 'context' is possibly 'undefined'.
src/app/api/rbac-protected/restaurant-management/route.ts(56,16): error TS18048: 'context' is possibly 'undefined'.
src/app/api/rbac-protected/restaurant-management/route.ts(59,27): error TS18048: 'context' is possibly 'undefined'.
src/app/api/rbac-protected/restaurant-management/route.ts(91,19): error TS18048: 'context' is possibly 'undefined'.
src/app/api/rbac-protected/restaurant-management/route.ts(92,22): error TS18048: 'context' is possibly 'undefined'.
src/app/api/rbac-protected/restaurant-management/route.ts(93,22): error TS18048: 'context' is possibly 'undefined'.
src/app/api/rbac-protected/restaurant-management/route.ts(135,9): error TS18048: 'context' is possibly 'undefined'.
src/app/api/rbac-protected/restaurant-management/route.ts(171,16): error TS18048: 'context' is possibly 'undefined'.
src/app/api/rbac-protected/restaurant-management/route.ts(182,20): error TS18048: 'context' is possibly 'undefined'.
src/app/api/rbac-protected/restaurant-management/route.ts(267,9): error TS18048: 'context' is possibly 'undefined'.
src/app/api/rbac-protected/restaurant-management/route.ts(267,80): error TS18048: 'context' is possibly 'undefined'.
src/app/api/rbac-protected/restaurant-management/route.ts(365,9): error TS2353: Object literal may only specify known properties, and 'deletedAt' does not exist in type '(Without<RestaurantUpdateInput, RestaurantUncheckedUpdateInput> & RestaurantUncheckedUpdateInput) | (Without<...> & RestaurantUpdateInput)'.
src/app/api/reports/sales/route.ts(117,46): error TS2345: Argument of type '{ restaurant: { name: string; id: string; email: string | null; isActive: boolean; createdAt: Date; updatedAt: Date; ownerId: string; description: string | null; phone: string | null; ... 31 more ...; systemPreferences: JsonValue; }; ... 8 more ...; items: ({ ...; } & { ...; })[]; }[]' is not assignable to parameter of type '({ id: string; createdAt: Date; updatedAt: Date; restaurantId: string; status: OrderStatus; dailySeq: number | null; orderNumber: string; tableId: string; customerSessionId: string; ... 21 more ...; servedAt: Date | null; } & { ...; })[]'.
  Type '{ restaurant: { name: string; id: string; email: string | null; isActive: boolean; createdAt: Date; updatedAt: Date; ownerId: string; description: string | null; phone: string | null; ... 31 more ...; systemPreferences: JsonValue; }; ... 8 more ...; items: ({ ...; } & { ...; })[]; }' is not assignable to type '{ id: string; createdAt: Date; updatedAt: Date; restaurantId: string; status: OrderStatus; dailySeq: number | null; orderNumber: string; tableId: string; customerSessionId: string; ... 21 more ...; servedAt: Date | null; } & { ...; }'.
    Type '{ restaurant: { name: string; id: string; email: string | null; isActive: boolean; createdAt: Date; updatedAt: Date; ownerId: string; description: string | null; phone: string | null; ... 31 more ...; systemPreferences: JsonValue; }; ... 8 more ...; items: ({ ...; } & { ...; })[]; }' is missing the following properties from type '{ id: string; createdAt: Date; updatedAt: Date; restaurantId: string; status: OrderStatus; dailySeq: number | null; orderNumber: string; tableId: string; customerSessionId: string; ... 21 more ...; servedAt: Date | null; }': updatedAt, status, dailySeq, orderNumber, and 19 more.
src/app/api/reservations/route.ts(152,35): error TS2353: Object literal may only specify known properties, and 'isActive' does not exist in type 'TableSelect<DefaultArgs>'.
src/app/api/reservations/route.ts(155,28): error TS2339: Property 'isActive' does not exist on type '{ id: string; createdAt: Date; updatedAt: Date; tableName: string | null; restaurantId: string; status: TableStatus; tableNumber: string; qrCodeToken: string; capacity: number; locationDescription: string | null; }'.
src/app/api/staff-roles/route.ts(41,52): error TS18046: 'error' is of type 'unknown'.
src/app/api/staff/analytics/[restaurantId]/orders/route.ts(348,63): error TS2345: Argument of type '({ completionTime: number; orderValue: number; } | null)[]' is not assignable to parameter of type '{ completionTime: number; orderValue: number; }[]'.
  Type '{ completionTime: number; orderValue: number; } | null' is not assignable to type '{ completionTime: number; orderValue: number; }'.
    Type 'null' is not assignable to type '{ completionTime: number; orderValue: number; }'.
src/app/api/staff/analytics/[restaurantId]/popular-items/route.ts(65,95): error TS2345: Argument of type 'string | null' is not assignable to parameter of type 'string | undefined'.
  Type 'null' is not assignable to type 'string | undefined'.
src/app/api/staff/analytics/[restaurantId]/popular-items/route.ts(68,95): error TS2345: Argument of type 'string | null' is not assignable to parameter of type 'string | undefined'.
  Type 'null' is not assignable to type 'string | undefined'.
src/app/api/staff/analytics/[restaurantId]/popular-items/route.ts(71,99): error TS2345: Argument of type 'string | null' is not assignable to parameter of type 'string | undefined'.
  Type 'null' is not assignable to type 'string | undefined'.
src/app/api/staff/analytics/[restaurantId]/popular-items/route.ts(74,91): error TS2345: Argument of type 'string | null' is not assignable to parameter of type 'string | undefined'.
  Type 'null' is not assignable to type 'string | undefined'.
src/app/api/staff/analytics/[restaurantId]/popular-items/route.ts(77,105): error TS2345: Argument of type 'string | null' is not assignable to parameter of type 'string | undefined'.
  Type 'null' is not assignable to type 'string | undefined'.
src/app/api/staff/analytics/[restaurantId]/popular-items/route.ts(83,99): error TS2345: Argument of type 'string | null' is not assignable to parameter of type 'string | undefined'.
  Type 'null' is not assignable to type 'string | undefined'.
src/app/api/staff/analytics/[restaurantId]/popular-items/route.ts(505,74): error TS2345: Argument of type 'Decimal' is not assignable to parameter of type 'number'.
src/app/api/staff/analytics/[restaurantId]/report/route.ts(92,13): error TS2554: Expected 3 arguments, but got 4.
src/app/api/staff/analytics/[restaurantId]/report/route.ts(100,13): error TS2554: Expected 3 arguments, but got 4.
src/app/api/staff/analytics/[restaurantId]/report/route.ts(108,13): error TS2554: Expected 3 arguments, but got 4.
src/app/api/staff/analytics/[restaurantId]/report/route.ts(116,13): error TS2554: Expected 3 arguments, but got 4.
src/app/api/staff/analytics/[restaurantId]/report/route.ts(124,13): error TS2554: Expected 3 arguments, but got 4.
src/app/api/staff/analytics/[restaurantId]/report/route.ts(159,36): error TS2345: Argument of type 'unknown' is not assignable to parameter of type 'Record<string, unknown>'.
src/app/api/staff/analytics/[restaurantId]/report/route.ts(193,26): error TS2339: Property 'staff' does not exist on type 'TokenValidationResult'.
src/app/api/staff/analytics/[restaurantId]/report/route.ts(194,31): error TS2339: Property 'staff' does not exist on type 'TokenValidationResult'.
src/app/api/staff/analytics/[restaurantId]/report/route.ts(194,61): error TS2339: Property 'staff' does not exist on type 'TokenValidationResult'.
src/app/api/staff/analytics/[restaurantId]/report/route.ts(287,7): error TS2353: Object literal may only specify known properties, and 'items' does not exist in type 'MenuItemInclude<DefaultArgs>'.
src/app/api/staff/analytics/[restaurantId]/report/route.ts(302,29): error TS2339: Property 'items' does not exist on type '{ name: string; id: string; createdAt: Date; updatedAt: Date; restaurantId: string; description: string | null; status: MenuStatus; categoryId: string; price: Decimal; ... 8 more ...; displayOrder: number; }'.
src/app/api/staff/analytics/[restaurantId]/report/route.ts(303,46): error TS7006: Parameter 'sum' implicitly has an 'any' type.
src/app/api/staff/analytics/[restaurantId]/report/route.ts(303,51): error TS7006: Parameter 'oi' implicitly has an 'any' type.
src/app/api/staff/analytics/[restaurantId]/report/route.ts(305,8): error TS7006: Parameter 'sum' implicitly has an 'any' type.
src/app/api/staff/analytics/[restaurantId]/report/route.ts(305,13): error TS7006: Parameter 'oi' implicitly has an 'any' type.
src/app/api/staff/analytics/[restaurantId]/report/route.ts(312,22): error TS2551: Property 'category' does not exist on type '{ name: string; id: string; createdAt: Date; updatedAt: Date; restaurantId: string; description: string | null; status: MenuStatus; categoryId: string; price: Decimal; ... 8 more ...; displayOrder: number; }'. Did you mean 'categoryId'?
src/app/api/staff/analytics/[restaurantId]/report/route.ts(320,9): error TS2554: Expected 1 arguments, but got 3.
src/app/api/staff/analytics/[restaurantId]/report/route.ts(390,7): error TS2322: Type '"COMPLETED"' is not assignable to type 'OrderPaymentStatus | EnumOrderPaymentStatusFilter<"Payment"> | undefined'.
src/app/api/staff/analytics/[restaurantId]/report/route.ts(411,26): error TS2322: Type '"partially_refunded"' is not assignable to type 'OrderPaymentStatus'.
src/app/api/staff/analytics/[restaurantId]/report/route.ts(430,22): error TS18048: 'pm._sum' is possibly 'undefined'.
src/app/api/staff/analytics/[restaurantId]/report/route.ts(431,21): error TS18048: 'pm._count' is possibly 'undefined'.
src/app/api/staff/analytics/[restaurantId]/report/route.ts(431,31): error TS2339: Property 'id' does not exist on type 'true | { id?: number | undefined; orderId?: number | undefined; paymentMethod?: number | undefined; paymentProcessor?: number | undefined; amount?: number | undefined; processingFee?: number | undefined; ... 21 more ...; _all?: number | undefined; }'.
  Property 'id' does not exist on type 'true'.
src/app/api/staff/analytics/[restaurantId]/report/route.ts(434,27): error TS18048: 'refundData._sum' is possibly 'undefined'.
src/app/api/staff/analytics/[restaurantId]/report/route.ts(435,19): error TS18048: 'refundData._count' is possibly 'undefined'.
src/app/api/staff/analytics/[restaurantId]/report/route.ts(435,37): error TS2339: Property 'id' does not exist on type 'true | { id?: number | undefined; orderId?: number | undefined; paymentMethod?: number | undefined; paymentProcessor?: number | undefined; amount?: number | undefined; processingFee?: number | undefined; ... 21 more ...; _all?: number | undefined; }'.
  Property 'id' does not exist on type 'true'.
src/app/api/staff/analytics/[restaurantId]/report/route.ts(454,5): error TS2554: Expected 0 arguments, but got 3.
src/app/api/staff/analytics/[restaurantId]/report/route.ts(468,5): error TS2554: Expected 0 arguments, but got 3.
src/app/api/staff/analytics/[restaurantId]/report/route.ts(567,59): error TS2554: Expected 3 arguments, but got 4.
src/app/api/staff/analytics/[restaurantId]/report/route.ts(568,58): error TS2554: Expected 3 arguments, but got 4.
src/app/api/staff/analytics/[restaurantId]/report/route.ts(569,63): error TS2554: Expected 3 arguments, but got 4.
src/app/api/staff/analytics/[restaurantId]/report/route.ts(570,65): error TS2554: Expected 3 arguments, but got 4.
src/app/api/staff/analytics/[restaurantId]/report/route.ts(571,62): error TS2554: Expected 3 arguments, but got 4.
src/app/api/staff/analytics/[restaurantId]/report/route.ts(774,9): error TS2531: Object is possibly 'null'.
src/app/api/staff/analytics/[restaurantId]/report/route.ts(774,47): error TS18047: 'sum' is possibly 'null'.
src/app/api/staff/analytics/[restaurantId]/report/route.ts(871,54): error TS2339: Property 'period' does not exist on type '{}'.
src/app/api/staff/analytics/[restaurantId]/report/route.ts(872,62): error TS2339: Property 'total_revenue' does not exist on type '{}'.
src/app/api/staff/analytics/[restaurantId]/report/route.ts(873,60): error TS2339: Property 'total_orders' does not exist on type '{}'.
src/app/api/staff/analytics/[restaurantId]/report/route.ts(874,63): error TS2339: Property 'customer_conversion_rate' does not exist on type '{}'.
src/app/api/staff/analytics/[restaurantId]/report/route.ts(875,56): error TS2339: Property 'top_performing_item' does not exist on type '{}'.
src/app/api/staff/analytics/[restaurantId]/report/route.ts(879,21): error TS2339: Property 'summary' does not exist on type '{}'.
src/app/api/staff/analytics/[restaurantId]/report/route.ts(881,50): error TS2339: Property 'summary' does not exist on type '{}'.
src/app/api/staff/analytics/[restaurantId]/report/route.ts(882,48): error TS2339: Property 'summary' does not exist on type '{}'.
src/app/api/staff/analytics/[restaurantId]/report/route.ts(883,56): error TS2339: Property 'summary' does not exist on type '{}'.
src/app/api/staff/analytics/[restaurantId]/report/route.ts(884,46): error TS2339: Property 'summary' does not exist on type '{}'.
src/app/api/staff/analytics/[restaurantId]/report/route.ts(888,21): error TS2339: Property 'topSellingItems' does not exist on type '{}'.
src/app/api/staff/analytics/[restaurantId]/report/route.ts(891,18): error TS2339: Property 'topSellingItems' does not exist on type '{}'.
src/app/api/staff/analytics/[restaurantId]/report/route.ts(903,20): error TS2339: Property 'summary' does not exist on type '{}'.
src/app/api/staff/analytics/[restaurantId]/report/route.ts(905,46): error TS2339: Property 'summary' does not exist on type '{}'.
src/app/api/staff/analytics/[restaurantId]/report/route.ts(906,47): error TS2339: Property 'summary' does not exist on type '{}'.
src/app/api/staff/analytics/[restaurantId]/report/route.ts(907,48): error TS2339: Property 'summary' does not exist on type '{}'.
src/app/api/staff/analytics/[restaurantId]/report/route.ts(908,52): error TS2339: Property 'summary' does not exist on type '{}'.
src/app/api/staff/analytics/[restaurantId]/report/route.ts(912,25): error TS2339: Property 'revenue' does not exist on type '{}'.
src/app/api/staff/analytics/[restaurantId]/report/route.ts(914,54): error TS2339: Property 'revenue' does not exist on type '{}'.
src/app/api/staff/analytics/[restaurantId]/report/route.ts(915,52): error TS2339: Property 'revenue' does not exist on type '{}'.
src/app/api/staff/analytics/[restaurantId]/report/route.ts(916,54): error TS2339: Property 'revenue' does not exist on type '{}'.
src/app/api/staff/analytics/[restaurantId]/report/route.ts(920,24): error TS2339: Property 'summary' does not exist on type '{}'.
src/app/api/staff/analytics/[restaurantId]/report/route.ts(922,53): error TS2339: Property 'summary' does not exist on type '{}'.
src/app/api/staff/analytics/[restaurantId]/report/route.ts(923,59): error TS2339: Property 'summary' does not exist on type '{}'.
src/app/api/staff/analytics/[restaurantId]/report/route.ts(924,54): error TS2339: Property 'summary' does not exist on type '{}'.
src/app/api/staff/analytics/[restaurantId]/report/route.ts(925,61): error TS2339: Property 'summary' does not exist on type '{}'.
src/app/api/staff/analytics/[restaurantId]/report/route.ts(934,50): error TS2339: Property 'totalRevenue' does not exist on type '{}'.
src/app/api/staff/analytics/[restaurantId]/report/route.ts(935,48): error TS2339: Property 'totalOrders' does not exist on type '{}'.
src/app/api/staff/analytics/[restaurantId]/report/route.ts(936,56): error TS2339: Property 'averageOrderValue' does not exist on type '{}'.
src/app/api/staff/analytics/[restaurantId]/report/route.ts(937,46): error TS2339: Property 'totalTax' does not exist on type '{}'.
src/app/api/staff/analytics/[restaurantId]/report/route.ts(942,28): error TS2339: Property 'forEach' does not exist on type '{}'.
src/app/api/staff/analytics/[restaurantId]/report/route.ts(1024,33): error TS18046: 'data' is of type 'unknown'.
src/app/api/staff/analytics/[restaurantId]/report/route.ts(1030,42): error TS18046: 'data' is of type 'unknown'.
src/app/api/staff/analytics/[restaurantId]/report/route.ts(1034,41): error TS18046: 'data' is of type 'unknown'.
src/app/api/staff/analytics/[restaurantId]/report/route.ts(1038,42): error TS18046: 'data' is of type 'unknown'.
src/app/api/staff/analytics/[restaurantId]/report/route.ts(1042,42): error TS18046: 'data' is of type 'unknown'.
src/app/api/staff/analytics/[restaurantId]/report/route.ts(1049,9): error TS18046: 'data' is of type 'unknown'.
src/app/api/staff/analytics/[restaurantId]/report/route.ts(1049,33): error TS18046: 'data' is of type 'unknown'.
src/app/api/staff/analytics/[restaurantId]/report/route.ts(1059,7): error TS18046: 'data' is of type 'unknown'.
src/app/api/staff/analytics/[restaurantId]/report/route.ts(1072,9): error TS18046: 'data' is of type 'unknown'.
src/app/api/staff/analytics/[restaurantId]/report/route.ts(1072,32): error TS18046: 'data' is of type 'unknown'.
src/app/api/staff/analytics/[restaurantId]/report/route.ts(1082,7): error TS18046: 'data' is of type 'unknown'.
src/app/api/staff/analytics/[restaurantId]/report/route.ts(1089,39): error TS18046: 'data' is of type 'unknown'.
src/app/api/staff/analytics/[restaurantId]/report/route.ts(1095,41): error TS18046: 'data' is of type 'unknown'.
src/app/api/staff/analytics/[restaurantId]/report/route.ts(1099,41): error TS18046: 'data' is of type 'unknown'.
src/app/api/staff/analytics/[restaurantId]/report/route.ts(1103,41): error TS18046: 'data' is of type 'unknown'.
src/app/api/staff/analytics/[restaurantId]/report/route.ts(1107,41): error TS18046: 'data' is of type 'unknown'.
src/app/api/staff/analytics/[restaurantId]/report/route.ts(1114,9): error TS18046: 'data' is of type 'unknown'.
src/app/api/staff/analytics/[restaurantId]/report/route.ts(1114,31): error TS18046: 'data' is of type 'unknown'.
src/app/api/staff/analytics/[restaurantId]/report/route.ts(1124,7): error TS18046: 'data' is of type 'unknown'.
src/app/api/staff/analytics/[restaurantId]/report/route.ts(1140,44): error TS18046: 'data' is of type 'unknown'.
src/app/api/staff/analytics/[restaurantId]/report/route.ts(1146,42): error TS18046: 'data' is of type 'unknown'.
src/app/api/staff/analytics/[restaurantId]/report/route.ts(1150,42): error TS18046: 'data' is of type 'unknown'.
src/app/api/staff/analytics/[restaurantId]/report/route.ts(1154,42): error TS18046: 'data' is of type 'unknown'.
src/app/api/staff/analytics/[restaurantId]/report/route.ts(1161,9): error TS18046: 'data' is of type 'unknown'.
src/app/api/staff/analytics/[restaurantId]/report/route.ts(1161,32): error TS18046: 'data' is of type 'unknown'.
src/app/api/staff/analytics/[restaurantId]/report/route.ts(1171,7): error TS18046: 'data' is of type 'unknown'.
src/app/api/staff/analytics/[restaurantId]/report/route.ts(1174,30): error TS18046: 'data' is of type 'unknown'.
src/app/api/staff/analytics/[restaurantId]/report/route.ts(1182,43): error TS18046: 'data' is of type 'unknown'.
src/app/api/staff/analytics/[restaurantId]/report/route.ts(1188,41): error TS18046: 'data' is of type 'unknown'.
src/app/api/staff/analytics/[restaurantId]/report/route.ts(1192,41): error TS18046: 'data' is of type 'unknown'.
src/app/api/staff/analytics/[restaurantId]/report/route.ts(1196,41): error TS18046: 'data' is of type 'unknown'.
src/app/api/staff/analytics/[restaurantId]/report/route.ts(1200,42): error TS18046: 'data' is of type 'unknown'.
src/app/api/staff/analytics/[restaurantId]/report/route.ts(1208,9): error TS18046: 'data' is of type 'unknown'.
src/app/api/staff/analytics/[restaurantId]/report/route.ts(1214,44): error TS18046: 'data' is of type 'unknown'.
src/app/api/staff/analytics/[restaurantId]/report/route.ts(1218,43): error TS18046: 'data' is of type 'unknown'.
src/app/api/staff/analytics/[restaurantId]/report/route.ts(1222,43): error TS18046: 'data' is of type 'unknown'.
src/app/api/staff/analytics/[restaurantId]/report/route.ts(1226,43): error TS18046: 'data' is of type 'unknown'.
src/app/api/staff/analytics/[restaurantId]/report/route.ts(1234,9): error TS18046: 'data' is of type 'unknown'.
src/app/api/staff/analytics/[restaurantId]/report/route.ts(1240,44): error TS18046: 'data' is of type 'unknown'.
src/app/api/staff/analytics/[restaurantId]/report/route.ts(1244,43): error TS18046: 'data' is of type 'unknown'.
src/app/api/staff/analytics/[restaurantId]/report/route.ts(1248,44): error TS18046: 'data' is of type 'unknown'.
src/app/api/staff/analytics/[restaurantId]/report/route.ts(1252,44): error TS18046: 'data' is of type 'unknown'.
src/app/api/staff/analytics/[restaurantId]/report/route.ts(1260,9): error TS18046: 'data' is of type 'unknown'.
src/app/api/staff/analytics/[restaurantId]/report/route.ts(1266,43): error TS18046: 'data' is of type 'unknown'.
src/app/api/staff/analytics/[restaurantId]/report/route.ts(1270,43): error TS18046: 'data' is of type 'unknown'.
src/app/api/staff/analytics/[restaurantId]/report/route.ts(1274,43): error TS18046: 'data' is of type 'unknown'.
src/app/api/staff/analytics/[restaurantId]/report/route.ts(1278,43): error TS18046: 'data' is of type 'unknown'.
src/app/api/staff/analytics/[restaurantId]/report/route.ts(1286,9): error TS18046: 'data' is of type 'unknown'.
src/app/api/staff/analytics/[restaurantId]/report/route.ts(1292,44): error TS18046: 'data' is of type 'unknown'.
src/app/api/staff/analytics/[restaurantId]/report/route.ts(1296,44): error TS18046: 'data' is of type 'unknown'.
src/app/api/staff/analytics/[restaurantId]/report/route.ts(1300,44): error TS18046: 'data' is of type 'unknown'.
src/app/api/staff/analytics/[restaurantId]/report/route.ts(1308,9): error TS18046: 'data' is of type 'unknown'.
src/app/api/staff/analytics/[restaurantId]/report/route.ts(1314,43): error TS18046: 'data' is of type 'unknown'.
src/app/api/staff/analytics/[restaurantId]/report/route.ts(1318,43): error TS18046: 'data' is of type 'unknown'.
src/app/api/staff/analytics/[restaurantId]/report/route.ts(1322,44): error TS18046: 'data' is of type 'unknown'.
src/app/api/staff/analytics/[restaurantId]/revenue/route.ts(275,7): error TS2322: Type '"COMPLETED"' is not assignable to type 'OrderPaymentStatus | EnumOrderPaymentStatusFilter<"Payment"> | undefined'.
src/app/api/staff/analytics/[restaurantId]/revenue/route.ts(287,21): error TS18048: 'payment._sum' is possibly 'undefined'.
src/app/api/staff/analytics/[restaurantId]/revenue/route.ts(288,19): error TS18048: 'payment._count' is possibly 'undefined'.
src/app/api/staff/analytics/[restaurantId]/revenue/route.ts(288,34): error TS2339: Property 'id' does not exist on type 'true | { id?: number | undefined; orderId?: number | undefined; paymentMethod?: number | undefined; paymentProcessor?: number | undefined; amount?: number | undefined; processingFee?: number | undefined; ... 21 more ...; _all?: number | undefined; }'.
  Property 'id' does not exist on type 'true'.
src/app/api/staff/analytics/[restaurantId]/revenue/route.ts(472,26): error TS2322: Type '"partially_refunded"' is not assignable to type 'OrderPaymentStatus'.
src/app/api/staff/analytics/[restaurantId]/revenue/route.ts(483,70): error TS18048: 'item._sum' is possibly 'undefined'.
src/app/api/staff/analytics/[restaurantId]/revenue/route.ts(484,62): error TS18048: 'item._count' is possibly 'undefined'.
src/app/api/staff/analytics/[restaurantId]/revenue/route.ts(484,74): error TS2339: Property 'id' does not exist on type 'true | { id?: number | undefined; orderId?: number | undefined; paymentMethod?: number | undefined; paymentProcessor?: number | undefined; amount?: number | undefined; processingFee?: number | undefined; ... 21 more ...; _all?: number | undefined; }'.
  Property 'id' does not exist on type 'true'.
src/app/api/tables/route.ts(35,7): error TS2322: Type 'string | undefined' is not assignable to type 'string'.
  Type 'undefined' is not assignable to type 'string'.
src/app/api/tables/route.ts(157,7): error TS2322: Type 'string | undefined' is not assignable to type 'string'.
  Type 'undefined' is not assignable to type 'string'.
src/app/dashboard/analytics/orders/page.tsx(182,50): error TS7006: Parameter 'status' implicitly has an 'any' type.
src/app/dashboard/analytics/orders/page.tsx(204,41): error TS7006: Parameter 'hour' implicitly has an 'any' type.
src/app/dashboard/analytics/orders/page.tsx(211,101): error TS7006: Parameter 'h' implicitly has an 'any' type.
src/app/dashboard/analytics/orders/page.tsx(277,52): error TS7006: Parameter 'table' implicitly has an 'any' type.
src/app/dashboard/analytics/popular-items/page.tsx(114,64): error TS7006: Parameter 'item' implicitly has an 'any' type.
src/app/dashboard/analytics/popular-items/page.tsx(114,70): error TS7006: Parameter 'index' implicitly has an 'any' type.
src/app/dashboard/analytics/popular-items/page.tsx(156,64): error TS7006: Parameter 'item' implicitly has an 'any' type.
src/app/dashboard/analytics/popular-items/page.tsx(156,70): error TS7006: Parameter 'index' implicitly has an 'any' type.
src/app/dashboard/analytics/popular-items/page.tsx(200,27): error TS7006: Parameter 'item' implicitly has an 'any' type.
src/app/dashboard/analytics/popular-items/page.tsx(200,33): error TS7006: Parameter 'index' implicitly has an 'any' type.
src/app/dashboard/analytics/popular-items/page.tsx(241,60): error TS7006: Parameter 'item' implicitly has an 'any' type.
src/app/dashboard/analytics/popular-items/page.tsx(241,66): error TS7006: Parameter 'index' implicitly has an 'any' type.
src/app/dashboard/analytics/revenue/page.tsx(209,51): error TS7006: Parameter 'item' implicitly has an 'any' type.
src/app/dashboard/analytics/revenue/page.tsx(209,57): error TS7006: Parameter 'index' implicitly has an 'any' type.
src/app/dashboard/analytics/revenue/page.tsx(239,47): error TS7006: Parameter 'category' implicitly has an 'any' type.
src/app/dashboard/analytics/revenue/page.tsx(277,54): error TS7006: Parameter 'method' implicitly has an 'any' type.
src/app/dashboard/reports/comprehensive/page.tsx(167,7): error TS2322: Type 'unknown' is not assignable to type 'ReactNode'.
src/app/dashboard/reports/comprehensive/page.tsx(239,19): error TS2339: Property 'data' does not exist on type '{}'.
src/app/dashboard/reports/comprehensive/page.tsx(247,30): error TS2339: Property 'data' does not exist on type '{}'.
src/app/dashboard/reports/comprehensive/page.tsx(253,29): error TS2339: Property 'data' does not exist on type '{}'.
src/app/dashboard/reports/comprehensive/page.tsx(259,29): error TS2339: Property 'data' does not exist on type '{}'.
src/app/dashboard/reports/comprehensive/page.tsx(265,29): error TS2339: Property 'data' does not exist on type '{}'.
src/app/dashboard/reports/comprehensive/page.tsx(274,19): error TS2339: Property 'data' does not exist on type '{}'.
src/app/dashboard/reports/comprehensive/page.tsx(282,30): error TS2339: Property 'data' does not exist on type '{}'.
src/app/dashboard/reports/comprehensive/page.tsx(288,29): error TS2339: Property 'data' does not exist on type '{}'.
src/app/dashboard/reports/comprehensive/page.tsx(294,30): error TS2339: Property 'data' does not exist on type '{}'.
src/app/dashboard/reports/comprehensive/page.tsx(300,30): error TS2339: Property 'data' does not exist on type '{}'.
src/app/dashboard/reports/comprehensive/page.tsx(309,19): error TS2339: Property 'data' does not exist on type '{}'.
src/app/dashboard/reports/comprehensive/page.tsx(317,29): error TS2339: Property 'data' does not exist on type '{}'.
src/app/dashboard/reports/comprehensive/page.tsx(323,29): error TS2339: Property 'data' does not exist on type '{}'.
src/app/dashboard/reports/comprehensive/page.tsx(329,29): error TS2339: Property 'data' does not exist on type '{}'.
src/app/dashboard/reports/comprehensive/page.tsx(335,29): error TS2339: Property 'data' does not exist on type '{}'.
src/app/dashboard/reports/comprehensive/page.tsx(342,23): error TS2339: Property 'data' does not exist on type '{}'.
src/app/dashboard/reports/comprehensive/page.tsx(343,24): error TS2339: Property 'data' does not exist on type '{}'.
src/app/dashboard/reports/comprehensive/page.tsx(349,31): error TS2339: Property 'data' does not exist on type '{}'.
src/app/dashboard/reports/comprehensive/page.tsx(398,19): error TS2339: Property 'data' does not exist on type '{}'.
src/app/dashboard/reports/comprehensive/page.tsx(406,30): error TS2339: Property 'data' does not exist on type '{}'.
src/app/dashboard/reports/comprehensive/page.tsx(412,30): error TS2339: Property 'data' does not exist on type '{}'.
src/app/dashboard/reports/comprehensive/page.tsx(418,30): error TS2339: Property 'data' does not exist on type '{}'.
src/app/dashboard/reports/comprehensive/page.tsx(427,19): error TS2339: Property 'data' does not exist on type '{}'.
src/app/dashboard/reports/comprehensive/page.tsx(435,29): error TS2339: Property 'data' does not exist on type '{}'.
src/app/dashboard/reports/comprehensive/page.tsx(441,29): error TS2339: Property 'data' does not exist on type '{}'.
src/app/dashboard/reports/comprehensive/page.tsx(448,29): error TS2339: Property 'data' does not exist on type '{}'.
src/app/dashboard/reports/customer/page.tsx(164,7): error TS2322: Type 'unknown' is not assignable to type 'ReactNode'.
src/app/dashboard/reports/customer/page.tsx(222,19): error TS2339: Property 'data' does not exist on type '{}'.
src/app/dashboard/reports/customer/page.tsx(234,31): error TS2339: Property 'data' does not exist on type '{}'.
src/app/dashboard/reports/customer/page.tsx(250,31): error TS2339: Property 'data' does not exist on type '{}'.
src/app/dashboard/reports/customer/page.tsx(266,31): error TS2339: Property 'data' does not exist on type '{}'.
src/app/dashboard/reports/customer/page.tsx(275,19): error TS2339: Property 'data' does not exist on type '{}'.
src/app/dashboard/reports/customer/page.tsx(290,32): error TS2339: Property 'data' does not exist on type '{}'.
src/app/dashboard/reports/customer/page.tsx(299,19): error TS2339: Property 'data' does not exist on type '{}'.
src/app/dashboard/reports/customer/page.tsx(300,20): error TS2339: Property 'data' does not exist on type '{}'.
src/app/dashboard/reports/customer/page.tsx(327,31): error TS2339: Property 'data' does not exist on type '{}'.
src/app/dashboard/reports/customer/page.tsx(376,27): error TS2339: Property 'data' does not exist on type '{}'.
src/app/dashboard/reports/customer/page.tsx(378,30): error TS2339: Property 'data' does not exist on type '{}'.
src/app/dashboard/reports/customer/page.tsx(386,27): error TS2339: Property 'data' does not exist on type '{}'.
src/app/dashboard/reports/customer/page.tsx(388,30): error TS2339: Property 'data' does not exist on type '{}'.
src/app/dashboard/reports/menu/page.tsx(166,7): error TS2322: Type 'unknown' is not assignable to type 'ReactNode'.
src/app/dashboard/reports/menu/page.tsx(224,19): error TS2339: Property 'data' does not exist on type '{}'.
src/app/dashboard/reports/menu/page.tsx(236,31): error TS2339: Property 'data' does not exist on type '{}'.
src/app/dashboard/reports/menu/page.tsx(252,31): error TS2339: Property 'data' does not exist on type '{}'.
src/app/dashboard/reports/menu/page.tsx(268,31): error TS2339: Property 'data' does not exist on type '{}'.
src/app/dashboard/reports/menu/page.tsx(284,31): error TS2339: Property 'data' does not exist on type '{}'.
src/app/dashboard/reports/menu/page.tsx(293,19): error TS2339: Property 'data' does not exist on type '{}'.
src/app/dashboard/reports/menu/page.tsx(299,25): error TS2339: Property 'data' does not exist on type '{}'.
src/app/dashboard/reports/menu/page.tsx(345,19): error TS2339: Property 'data' does not exist on type '{}'.
src/app/dashboard/reports/menu/page.tsx(346,20): error TS2339: Property 'data' does not exist on type '{}'.
src/app/dashboard/reports/menu/page.tsx(352,27): error TS2339: Property 'data' does not exist on type '{}'.
src/app/dashboard/reports/operational/page.tsx(165,7): error TS2322: Type 'unknown' is not assignable to type 'ReactNode'.
src/app/dashboard/reports/operational/page.tsx(223,19): error TS2339: Property 'data' does not exist on type '{}'.
src/app/dashboard/reports/operational/page.tsx(239,33): error TS2339: Property 'data' does not exist on type '{}'.
src/app/dashboard/reports/operational/page.tsx(255,33): error TS2339: Property 'data' does not exist on type '{}'.
src/app/dashboard/reports/operational/page.tsx(263,23): error TS2339: Property 'data' does not exist on type '{}'.
src/app/dashboard/reports/operational/page.tsx(269,29): error TS2339: Property 'data' does not exist on type '{}'.
src/app/dashboard/reports/operational/page.tsx(303,19): error TS2339: Property 'data' does not exist on type '{}'.
src/app/dashboard/reports/operational/page.tsx(319,33): error TS2339: Property 'data' does not exist on type '{}'.
src/app/dashboard/reports/operational/page.tsx(335,33): error TS2339: Property 'data' does not exist on type '{}'.
src/app/dashboard/reports/operational/page.tsx(351,33): error TS2339: Property 'data' does not exist on type '{}'.
src/app/dashboard/reports/operational/page.tsx(361,19): error TS2339: Property 'data' does not exist on type '{}'.
src/app/dashboard/reports/operational/page.tsx(367,25): error TS2339: Property 'data' does not exist on type '{}'.
src/app/dashboard/reports/operational/page.tsx(382,82): error TS2339: Property 'data' does not exist on type '{}'.
src/app/dashboard/reports/operational/page.tsx(394,19): error TS2339: Property 'data' does not exist on type '{}'.
src/app/dashboard/reports/operational/page.tsx(401,27): error TS2339: Property 'data' does not exist on type '{}'.
src/app/dashboard/reports/sales/page.tsx(174,7): error TS2322: Type 'unknown' is not assignable to type 'ReactNode'.
src/app/dashboard/reports/sales/page.tsx(232,19): error TS2339: Property 'data' does not exist on type '{}'.
src/app/dashboard/reports/sales/page.tsx(244,32): error TS2339: Property 'data' does not exist on type '{}'.
src/app/dashboard/reports/sales/page.tsx(260,31): error TS2339: Property 'data' does not exist on type '{}'.
src/app/dashboard/reports/sales/page.tsx(276,32): error TS2339: Property 'data' does not exist on type '{}'.
src/app/dashboard/reports/sales/page.tsx(292,32): error TS2339: Property 'data' does not exist on type '{}'.
src/app/dashboard/reports/sales/page.tsx(301,19): error TS2339: Property 'data' does not exist on type '{}'.
src/app/dashboard/reports/sales/page.tsx(322,29): error TS2339: Property 'data' does not exist on type '{}'.
src/app/dashboard/reports/sales/page.tsx(348,19): error TS2339: Property 'data' does not exist on type '{}'.
src/app/dashboard/reports/sales/page.tsx(354,25): error TS2339: Property 'data' does not exist on type '{}'.
src/app/dashboard/reports/sales/page.tsx(391,19): error TS2339: Property 'data' does not exist on type '{}'.
src/app/dashboard/reports/sales/page.tsx(397,25): error TS2339: Property 'data' does not exist on type '{}'.
src/app/dashboard/settings/page.tsx(173,5): error TS2322: Type '{ monday: { isOpen: boolean; slots: { open: string; close: string; }[]; }; tuesday: { isOpen: boolean; slots: { open: string; close: string; }[]; }; wednesday: { isOpen: boolean; slots: { open: string; close: string; }[]; }; thursday: { ...; }; friday: { ...; }; saturday: { ...; }; sunday: { ...; }; } | undefined' is not assignable to type '{ monday: { isOpen: boolean; slots: { open: string; close: string; }[]; }; tuesday: { isOpen: boolean; slots: { open: string; close: string; }[]; }; wednesday: { isOpen: boolean; slots: { open: string; close: string; }[]; }; thursday: { ...; }; friday: { ...; }; saturday: { ...; }; sunday: { ...; }; }'.
  Type 'undefined' is not assignable to type '{ monday: { isOpen: boolean; slots: { open: string; close: string; }[]; }; tuesday: { isOpen: boolean; slots: { open: string; close: string; }[]; }; wednesday: { isOpen: boolean; slots: { open: string; close: string; }[]; }; thursday: { ...; }; friday: { ...; }; saturday: { ...; }; sunday: { ...; }; }'.
src/app/manifest.ts(18,9): error TS2820: Type '"any maskable"' is not assignable to type '"any" | "maskable" | "monochrome" | undefined'. Did you mean '"maskable"'?
src/app/manifest.ts(24,9): error TS2820: Type '"any maskable"' is not assignable to type '"any" | "maskable" | "monochrome" | undefined'. Did you mean '"maskable"'?
src/app/simple-login/page.tsx(30,19): error TS2339: Property 'setTokenExpiration' does not exist on type 'typeof ApiClient'.
src/components/admin/BulkRoleOperationsModal.tsx(122,27): error TS2339: Property 'ok' does not exist on type '{ templates: RoleTemplate[]; }'.
src/components/admin/BulkRoleOperationsModal.tsx(122,49): error TS2339: Property 'data' does not exist on type '{ templates: RoleTemplate[]; }'.
src/components/admin/BulkRoleOperationsModal.tsx(123,42): error TS2339: Property 'data' does not exist on type '{ templates: RoleTemplate[]; }'.
src/components/admin/BulkRoleOperationsModal.tsx(130,29): error TS2339: Property 'ok' does not exist on type '{ restaurants: Restaurant[]; }'.
src/components/admin/BulkRoleOperationsModal.tsx(130,53): error TS2339: Property 'data' does not exist on type '{ restaurants: Restaurant[]; }'.
src/components/admin/BulkRoleOperationsModal.tsx(131,42): error TS2339: Property 'data' does not exist on type '{ restaurants: Restaurant[]; }'.
src/components/admin/BulkRoleOperationsModal.tsx(138,29): error TS2339: Property 'ok' does not exist on type '{ permissions: Permission[]; }'.
src/components/admin/BulkRoleOperationsModal.tsx(138,53): error TS2339: Property 'data' does not exist on type '{ permissions: Permission[]; }'.
src/components/admin/BulkRoleOperationsModal.tsx(139,42): error TS2339: Property 'data' does not exist on type '{ permissions: Permission[]; }'.
src/components/admin/RoleAssignmentModal.tsx(122,27): error TS2339: Property 'ok' does not exist on type '{ templates: RoleTemplate[]; }'.
src/components/admin/RoleAssignmentModal.tsx(122,49): error TS2339: Property 'data' does not exist on type '{ templates: RoleTemplate[]; }'.
src/components/admin/RoleAssignmentModal.tsx(123,42): error TS2339: Property 'data' does not exist on type '{ templates: RoleTemplate[]; }'.
src/components/admin/RoleAssignmentModal.tsx(130,29): error TS2339: Property 'ok' does not exist on type '{ restaurants: Restaurant[]; }'.
src/components/admin/RoleAssignmentModal.tsx(130,53): error TS2339: Property 'data' does not exist on type '{ restaurants: Restaurant[]; }'.
src/components/admin/RoleAssignmentModal.tsx(131,42): error TS2339: Property 'data' does not exist on type '{ restaurants: Restaurant[]; }'.
src/components/admin/RoleAssignmentModal.tsx(138,29): error TS2339: Property 'ok' does not exist on type '{ permissions: Permission[]; }'.
src/components/admin/RoleAssignmentModal.tsx(138,53): error TS2339: Property 'data' does not exist on type '{ permissions: Permission[]; }'.
src/components/admin/RoleAssignmentModal.tsx(139,42): error TS2339: Property 'data' does not exist on type '{ permissions: Permission[]; }'.
src/components/admin/RoleAssignmentModal.tsx(208,9): error TS2353: Object literal may only specify known properties, and 'roleId' does not exist in type 'Omit<ApiRequestOptions, "body" | "method">'.
src/components/admin/RoleHistoryModal.tsx(178,31): error TS2339: Property 'roleTemplate' does not exist on type '{ before?: any; after?: any; }'.
src/components/admin/RoleHistoryModal.tsx(181,31): error TS2339: Property 'customPermissions' does not exist on type '{ before?: any; after?: any; }'.
src/components/admin/RoleHistoryModal.tsx(206,95): error TS7053: Element implicitly has an 'any' type because expression of type 'string' can't be used to index type '{ low: string; medium: string; high: string; }'.
  No index signature with a parameter of type 'string' was found on type '{ low: string; medium: string; high: string; }'.
src/components/admin/UserRoleManager.tsx(223,9): error TS7053: Element implicitly has an 'any' type because expression of type 'string' can't be used to index type '{ platform_admin: string; restaurant_owner: string; manager: string; kitchen_staff: string; }'.
  No index signature with a parameter of type 'string' was found on type '{ platform_admin: string; restaurant_owner: string; manager: string; kitchen_staff: string; }'.
src/components/dashboard/DashboardLayout-legacy-backup.tsx(108,65): error TS7006: Parameter 'r' implicitly has an 'any' type.
src/components/dashboard/NotificationBell.tsx(145,37): error TS2769: No overload matches this call.
  Overload 1 of 4, '(value: string | number | Date): Date', gave the following error.
    Argument of type 'unknown' is not assignable to parameter of type 'string | number | Date'.
  Overload 2 of 4, '(value: string | number): Date', gave the following error.
    Argument of type 'unknown' is not assignable to parameter of type 'string | number'.
src/components/dashboard/NotificationBell.tsx(154,39): error TS18048: 'notification.metadata' is possibly 'undefined'.
src/components/dashboard/NotificationBell.tsx(154,39): error TS2345: Argument of type 'unknown' is not assignable to parameter of type 'string'.
src/components/dashboard/PasswordResetModal.tsx(34,25): error TS2551: Property 'select' does not exist on type 'HTMLElement'. Did you mean 'onselect'?
src/components/menu/MenuCard.tsx(4,20): error TS2305: Module '"@/types/menu"' has no exported member 'MenuItemVariation'.
src/components/menu/MenuCard.tsx(101,12): error TS2339: Property 'variations' does not exist on type 'MenuItem'.
src/components/menu/MenuCard.tsx(101,31): error TS7006: Parameter 'v' implicitly has an 'any' type.
src/components/menu/MenuCard.tsx(101,56): error TS7006: Parameter 'v' implicitly has an 'any' type.
src/components/menu/MenuCard.tsx(105,34): error TS2538: Type 'unknown' cannot be used as an index type.
src/components/menu/MenuCard.tsx(239,21): error TS2339: Property 'variations' does not exist on type 'MenuItem'.
src/components/menu/MenuCard.tsx(242,37): error TS2339: Property 'variations' does not exist on type 'MenuItem'.
src/components/menu/MenuCard.tsx(242,53): error TS7006: Parameter 'v' implicitly has an 'any' type.
src/components/menu/MenuCard.tsx(244,49): error TS2339: Property 'variations' does not exist on type 'MenuItem'.
src/components/menu/MenuCard.tsx(245,24): error TS7006: Parameter 'v' implicitly has an 'any' type.
src/components/menu/MenuCard.tsx(247,61): error TS7006: Parameter 'v' implicitly has an 'any' type.
src/components/menu/MenuCard.tsx(250,28): error TS2322: Type 'unknown' is not assignable to type 'Key | null | undefined'.
src/components/menu/MenuCard.tsx(253,29): error TS2322: Type 'unknown' is not assignable to type 'ReactNode'.
src/components/menu/MenuCard.tsx(262,48): error TS7006: Parameter 'variation' implicitly has an 'any' type.
src/components/menu/MenuCard.tsx(264,50): error TS2538: Type 'unknown' cannot be used as an index type.
src/components/menu/MenuCard.tsx(269,57): error TS2345: Argument of type 'unknown' is not assignable to parameter of type 'string'.
src/components/menu/SearchBar.tsx(4,34): error TS2305: Module '"@/types/menu"' has no exported member 'MenuItemVariation'.
src/components/menu/SearchBar.tsx(143,24): error TS2741: Property 'currency' is missing in type '{ key: string; item: MenuItem; onAddToCart: (item: MenuItem, quantity: number, variations: { variationId: string; variation: MenuItemVariation; quantity: number; }[], instructions?: string | undefined) => void; onModalStateChange: (isOpen: boolean) => void; cartQuantity: number; }' but required in type 'MenuCardProps'.
src/components/menu/VariationInput.tsx(3,10): error TS2305: Module '"@/types/menu"' has no exported member 'MenuItemVariation'.
src/components/pos/CashPaymentForm.tsx(14,15): error TS2305: Module '"@/types/pos"' has no exported member 'CashPaymentFormProps'.
src/components/pos/PaymentInterface.tsx(22,15): error TS2305: Module '"@/types/pos"' has no exported member 'PaymentInterfaceProps'.
src/components/pos/PaymentInterface.tsx(107,18): error TS7006: Parameter 'o' implicitly has an 'any' type.
src/components/pos/PaymentInterface.tsx(108,18): error TS7006: Parameter 'sum' implicitly has an 'any' type.
src/components/pos/PaymentInterface.tsx(108,23): error TS7006: Parameter 'o' implicitly has an 'any' type.
src/components/pos/PaymentInterface.tsx(117,45): error TS7006: Parameter 'o' implicitly has an 'any' type.
src/components/pos/PaymentInterface.tsx(121,39): error TS7006: Parameter 'o' implicitly has an 'any' type.
src/components/pos/PaymentInterface.tsx(124,12): error TS7006: Parameter 'sum' implicitly has an 'any' type.
src/components/pos/PaymentInterface.tsx(124,17): error TS7006: Parameter 'o' implicitly has an 'any' type.
src/components/pos/PaymentInterface.tsx(128,12): error TS7006: Parameter 'sum' implicitly has an 'any' type.
src/components/pos/PaymentInterface.tsx(128,17): error TS7006: Parameter 'o' implicitly has an 'any' type.
src/components/pos/PaymentInterface.tsx(132,12): error TS7006: Parameter 'sum' implicitly has an 'any' type.
src/components/pos/PaymentInterface.tsx(132,17): error TS7006: Parameter 'o' implicitly has an 'any' type.
src/components/pos/PaymentInterface.tsx(135,37): error TS7006: Parameter 'o' implicitly has an 'any' type.
src/components/pos/PaymentInterface.tsx(147,41): error TS7006: Parameter 'o' implicitly has an 'any' type.
src/components/pos/PaymentMethodSelector.tsx(13,15): error TS2305: Module '"@/types/pos"' has no exported member 'PaymentMethodSelectorProps'.
src/components/pos/PendingOrderCard.tsx(13,15): error TS2305: Module '"@/types/pos"' has no exported member 'PendingOrderCardProps'.
src/components/pos/PendingOrderCard.tsx(18,42): error TS7006: Parameter 'sum' implicitly has an 'any' type.
src/components/pos/PendingOrderCard.tsx(18,47): error TS7006: Parameter 'item' implicitly has an 'any' type.
src/components/pos/PendingOrderCard.tsx(35,6): error TS7006: Parameter 'sum' implicitly has an 'any' type.
src/components/pos/PendingOrderCard.tsx(35,11): error TS7006: Parameter 'item' implicitly has an 'any' type.
src/components/pos/PendingOrderCard.tsx(40,6): error TS7006: Parameter 'sum' implicitly has an 'any' type.
src/components/pos/PendingOrderCard.tsx(40,11): error TS7006: Parameter 'item' implicitly has an 'any' type.
src/components/settings/SystemPreferencesSection.tsx(45,48): error TS2345: Argument of type 'SystemPreferences' is not assignable to parameter of type 'UpdateRestaurantSettingsPayload'.
  Types of property 'systemPreferences' are incompatible.
    Property 'numberFormat' is missing in type '{ dateFormat: "DD/MM/YYYY" | "MM/DD/YYYY" | "YYYY-MM-DD"; timeFormat: "24h" | "12h"; language: "en" | "ms" | "zh"; }' but required in type '{ dateFormat: string; timeFormat: string; numberFormat: string; language: string; }'.
src/hooks/useCart.ts(4,36): error TS2305: Module '"@/types/menu"' has no exported member 'MenuItemVariation'.
src/hooks/useCart.ts(50,33): error TS2551: Property 'selectedVariations' does not exist on type 'CartItem'. Did you mean 'selectedOptions'?
src/hooks/useCart.ts(89,13): error TS2561: Object literal may only specify known properties, but 'selectedVariations' does not exist in type 'CartItem'. Did you mean to write 'selectedOptions'?
src/hooks/useServerCart.ts(14,26): error TS2305: Module '"@/types/menu"' has no exported member 'MenuItemVariation'.
src/hooks/useServerCart.ts(155,9): error TS2322: Type '{ id: string; menuItemId: string; menuItem: MenuItem; quantity: number; selectedVariations: { variationId: string; variation: MenuItemVariation; quantity: number; }[]; specialInstructions: string | undefined; unitPrice: number; totalPrice: number; }[]' is not assignable to type 'CartItem[]'.
  Property 'selectedOptions' is missing in type '{ id: string; menuItemId: string; menuItem: MenuItem; quantity: number; selectedVariations: { variationId: string; variation: MenuItemVariation; quantity: number; }[]; specialInstructions: string | undefined; unitPrice: number; totalPrice: number; }' but required in type 'CartItem'.
src/lib/event-persistence.ts(50,11): error TS2322: Type 'Record<string, unknown>' is not assignable to type 'JsonNull | InputJsonValue'.
  Type 'Record<string, unknown>' is missing the following properties from type 'readonly (InputJsonValue | null)[]': length, concat, join, slice, and 26 more.
src/lib/hooks/queries/useAnalytics.ts(162,11): error TS2339: Property 'restaurantId' does not exist on type 'UseQueryResult<AuthResponse, Error>'.
src/lib/hooks/queries/useAnalytics.ts(178,23): error TS2339: Property 'data' does not exist on type '{ analytics: RevenueAnalytics; }'.
src/lib/hooks/queries/useAnalytics.ts(187,11): error TS2339: Property 'restaurantId' does not exist on type 'UseQueryResult<AuthResponse, Error>'.
src/lib/hooks/queries/useAnalytics.ts(203,23): error TS2339: Property 'data' does not exist on type '{ analytics: OrderAnalytics; }'.
src/lib/hooks/queries/useAnalytics.ts(212,11): error TS2339: Property 'restaurantId' does not exist on type 'UseQueryResult<AuthResponse, Error>'.
src/lib/hooks/queries/useAnalytics.ts(230,23): error TS2339: Property 'data' does not exist on type '{ analytics: PopularItemsAnalytics; }'.
src/lib/hooks/queries/useNotifications.ts(151,20): error TS2339: Property 'previousNotifications' does not exist on type '{}'.
src/lib/hooks/queries/useNotifications.ts(154,19): error TS2339: Property 'previousNotifications' does not exist on type '{}'.
src/lib/hooks/queries/useReports.ts(66,52): error TS2345: Argument of type 'ReportParams' is not assignable to parameter of type 'Record<string, unknown>'.
  Index signature for type 'string' is missing in type 'ReportParams'.
src/lib/hooks/queries/useTableOrders.ts(21,15): error TS2305: Module '"@/types/pos"' has no exported member 'TableOrdersResponse'.
src/lib/postgres-pubsub.ts(464,61): error TS2345: Argument of type 'OrderStatusChangedEvent' is not assignable to parameter of type 'Record<string, unknown>'.
  Index signature for type 'string' is missing in type 'OrderStatusChangedEvent'.
src/lib/postgres-pubsub.ts(486,54): error TS2345: Argument of type 'OrderCreatedEvent' is not assignable to parameter of type 'Record<string, unknown>'.
  Index signature for type 'string' is missing in type 'OrderCreatedEvent'.
src/lib/postgres-pubsub.ts(509,66): error TS2345: Argument of type 'OrderItemStatusChangedEvent' is not assignable to parameter of type 'Record<string, unknown>'.
  Index signature for type 'string' is missing in type 'OrderItemStatusChangedEvent'.
src/lib/postgres-pubsub.ts(532,61): error TS2345: Argument of type 'KitchenNotificationEvent' is not assignable to parameter of type 'Record<string, unknown>'.
  Index signature for type 'string' is missing in type 'KitchenNotificationEvent'.
src/lib/postgres-pubsub.ts(555,64): error TS2345: Argument of type 'RestaurantNotificationEvent' is not assignable to parameter of type 'Record<string, unknown>'.
  Index signature for type 'string' is missing in type 'RestaurantNotificationEvent'.
src/lib/postgres-pubsub.ts(573,9): error TS2322: Type 'PaymentCompletedEvent' is not assignable to type 'OrderEvent'.
  Type 'PaymentCompletedEvent' is missing the following properties from type 'RestaurantNotificationEvent': type, message
src/lib/postgres-pubsub.ts(578,58): error TS2345: Argument of type 'PaymentCompletedEvent' is not assignable to parameter of type 'Record<string, unknown>'.
  Index signature for type 'string' is missing in type 'PaymentCompletedEvent'.
src/lib/postgres-pubsub.ts(594,9): error TS2322: Type 'TableStatusChangedEvent' is not assignable to type 'OrderEvent'.
  Type 'TableStatusChangedEvent' is missing the following properties from type 'OrderStatusChangedEvent': orderId, oldStatus, orderNumber
src/lib/postgres-pubsub.ts(599,61): error TS2345: Argument of type 'TableStatusChangedEvent' is not assignable to parameter of type 'Record<string, unknown>'.
  Index signature for type 'string' is missing in type 'TableStatusChangedEvent'.
src/lib/rbac/auth-service.ts(102,11): error TS2322: Type '{}' is not assignable to type 'boolean'.
src/lib/rbac/auth-service.ts(194,9): error TS2554: Expected 2 arguments, but got 4.
src/lib/rbac/auth-service.ts(328,9): error TS2554: Expected 2 arguments, but got 4.
src/lib/rbac/auth-service.ts(453,9): error TS2554: Expected 1 arguments, but got 3.
src/lib/rbac/auth-service.ts(524,9): error TS2554: Expected 2 arguments, but got 4.
src/lib/rbac/test-legacy-support.ts(27,5): error TS1232: An import declaration can only be used at the top level of a namespace or module.
src/lib/rbac/test-legacy-support.ts(27,21): error TS2307: Cannot find module 'jsonwebtoken' or its corresponding type declarations.
src/lib/services/payment-service.ts(17,3): error TS2305: Module '"@/types/pos"' has no exported member 'PendingOrdersResponse'.
src/lib/table-session.ts(278,9): error TS2353: Object literal may only specify known properties, and 'variation' does not exist in type 'CartItemInclude<DefaultArgs>'.
src/lib/table-session.ts(309,27): error TS2339: Property 'variationId' does not exist on type '{ id: string; createdAt: Date; updatedAt: Date; customerSessionId: string; specialInstructions: string | null; subtotal: Decimal; menuItemId: string; quantity: number; unitPrice: Decimal; }'.
src/lib/table-session.ts(314,24): error TS2551: Property 'menuItem' does not exist on type '{ id: string; createdAt: Date; updatedAt: Date; customerSessionId: string; specialInstructions: string | null; subtotal: Decimal; menuItemId: string; quantity: number; unitPrice: Decimal; }'. Did you mean 'menuItemId'?
src/lib/table-session.ts(315,25): error TS2339: Property 'variation' does not exist on type '{ id: string; createdAt: Date; updatedAt: Date; customerSessionId: string; specialInstructions: string | null; subtotal: Decimal; menuItemId: string; quantity: number; unitPrice: Decimal; }'.
src/lib/table-session.ts(384,9): error TS2353: Object literal may only specify known properties, and 'variationId' does not exist in type 'CartItemWhereInput'.
src/lib/table-session.ts(419,11): error TS2353: Object literal may only specify known properties, and 'variation' does not exist in type 'CartItemInclude<DefaultArgs>'.
src/lib/table-session.ts(436,11): error TS2353: Object literal may only specify known properties, and 'variationId' does not exist in type 'Without<CartItemCreateInput, CartItemUncheckedCreateInput> & CartItemUncheckedCreateInput'.
src/lib/table-session.ts(450,11): error TS2353: Object literal may only specify known properties, and 'variation' does not exist in type 'CartItemInclude<DefaultArgs>'.
src/lib/table-session.ts(469,29): error TS2339: Property 'variationId' does not exist on type '{ id: string; createdAt: Date; updatedAt: Date; customerSessionId: string; specialInstructions: string | null; subtotal: Decimal; menuItemId: string; quantity: number; unitPrice: Decimal; }'.
src/lib/table-session.ts(474,26): error TS2551: Property 'menuItem' does not exist on type '{ id: string; createdAt: Date; updatedAt: Date; customerSessionId: string; specialInstructions: string | null; subtotal: Decimal; menuItemId: string; quantity: number; unitPrice: Decimal; }'. Did you mean 'menuItemId'?
src/lib/table-session.ts(475,27): error TS2339: Property 'variation' does not exist on type '{ id: string; createdAt: Date; updatedAt: Date; customerSessionId: string; specialInstructions: string | null; subtotal: Decimal; menuItemId: string; quantity: number; unitPrice: Decimal; }'.
src/lib/table-session.ts(525,9): error TS2353: Object literal may only specify known properties, and 'variation' does not exist in type 'CartItemInclude<DefaultArgs>'.
src/lib/table-session.ts(537,32): error TS2339: Property 'variationId' does not exist on type '{ id: string; createdAt: Date; updatedAt: Date; customerSessionId: string; specialInstructions: string | null; subtotal: Decimal; menuItemId: string; quantity: number; unitPrice: Decimal; }'.
src/lib/table-session.ts(542,29): error TS2551: Property 'menuItem' does not exist on type '{ id: string; createdAt: Date; updatedAt: Date; customerSessionId: string; specialInstructions: string | null; subtotal: Decimal; menuItemId: string; quantity: number; unitPrice: Decimal; }'. Did you mean 'menuItemId'?
src/lib/table-session.ts(543,30): error TS2339: Property 'variation' does not exist on type '{ id: string; createdAt: Date; updatedAt: Date; customerSessionId: string; specialInstructions: string | null; subtotal: Decimal; menuItemId: string; quantity: number; unitPrice: Decimal; }'.
src/sw.ts(14,21): error TS2552: Cannot find name 'ServiceWorkerGlobalScope'. Did you mean 'WorkerGlobalScope'?
src/sw.ts(25,7): error TS2322: Type 'string' is not assignable to type 'RouteHandler'.
src/sw.ts(31,7): error TS2322: Type 'string' is not assignable to type 'RouteHandler'.
src/sw.ts(38,7): error TS2322: Type 'string' is not assignable to type 'RouteHandler'.
src/sw.ts(44,7): error TS2322: Type 'string' is not assignable to type 'RouteHandler'.
src/sw.ts(57,7): error TS2322: Type 'string' is not assignable to type 'RouteHandler'.
src/sw.ts(70,7): error TS2322: Type 'string' is not assignable to type 'RouteHandler'.
src/sw.ts(83,7): error TS2322: Type 'string' is not assignable to type 'RouteHandler'.
src/sw.ts(126,32): error TS7006: Parameter 'event' implicitly has an 'any' type.
src/sw.ts(157,28): error TS2339: Property 'sound' does not exist on type '{ title: string; body: string; icon: string; badge: string; data: {}; }'.
src/sw.ts(157,63): error TS2339: Property 'sound' does not exist on type '{ title: string; body: string; icon: string; badge: string; data: {}; }'.
src/sw.ts(165,45): error TS7006: Parameter 'event' implicitly has an 'any' type.
src/sw.ts(173,5): error TS2304: Cannot find name 'clients'.
src/sw.ts(175,14): error TS7006: Parameter 'clientList' implicitly has an 'any' type.
src/sw.ts(183,13): error TS2304: Cannot find name 'clients'.
src/sw.ts(184,18): error TS2304: Cannot find name 'clients'.
src/sw.ts(194,50): error TS7006: Parameter 'event' implicitly has an 'any' type.
src/tests/role-management-system.test.ts(144,34): error TS2339: Property 'mockResolvedValue' does not exist on type '<T extends PermissionFindManyArgs>(args?: SelectSubset<T, PermissionFindManyArgs<DefaultArgs>> | undefined) => PrismaPromise<GetFindResult<$PermissionPayload<DefaultArgs>, T, PrismaClientOptions>[]>'.
src/tests/role-management-system.test.ts(163,34): error TS2345: Argument of type '{ method: string; json: () => Promise<{}>; url: URL; headers: Map<string, string>; }' is not assignable to parameter of type 'NextRequest'.
  Type '{ method: string; json: () => Promise<{}>; url: URL; headers: Map<string, string>; }' is missing the following properties from type 'NextRequest': cookies, nextUrl, page, ua, and 18 more.
src/tests/role-management-system.test.ts(177,35): error TS2339: Property 'mockResolvedValue' does not exist on type '<T extends PermissionFindFirstArgs>(args?: SelectSubset<T, PermissionFindFirstArgs<DefaultArgs>> | undefined) => Prisma__PermissionClient<GetFindResult<$PermissionPayload<...>, T, PrismaClientOptions> | null, null, DefaultArgs, PrismaClientOptions>'.
src/tests/role-management-system.test.ts(178,32): error TS2339: Property 'mockResolvedValue' does not exist on type '<T extends PermissionCreateArgs>(args: SelectSubset<T, PermissionCreateArgs<DefaultArgs>>) => Prisma__PermissionClient<GetFindResult<$PermissionPayload<DefaultArgs>, T, PrismaClientOptions>, never, DefaultArgs, PrismaClientOptions>'.
src/tests/role-management-system.test.ts(186,18): error TS2345: Argument of type '{ method: string; json: () => Promise<{}>; url: URL; headers: Map<string, string>; }' is not assignable to parameter of type 'NextRequest'.
  Type '{ method: string; json: () => Promise<{}>; url: URL; headers: Map<string, string>; }' is missing the following properties from type 'NextRequest': cookies, nextUrl, page, ua, and 18 more.
src/tests/role-management-system.test.ts(204,35): error TS2339: Property 'mockResolvedValue' does not exist on type '<T extends PermissionFindFirstArgs>(args?: SelectSubset<T, PermissionFindFirstArgs<DefaultArgs>> | undefined) => Prisma__PermissionClient<GetFindResult<$PermissionPayload<...>, T, PrismaClientOptions> | null, null, DefaultArgs, PrismaClientOptions>'.
src/tests/role-management-system.test.ts(211,35): error TS2345: Argument of type '{ method: string; json: () => Promise<{}>; url: URL; headers: Map<string, string>; }' is not assignable to parameter of type 'NextRequest'.
  Type '{ method: string; json: () => Promise<{}>; url: URL; headers: Map<string, string>; }' is missing the following properties from type 'NextRequest': cookies, nextUrl, page, ua, and 18 more.
src/tests/role-management-system.test.ts(220,14): error TS2339: Property 'roleTemplate' does not exist on type 'PrismaClient<PrismaClientOptions, never, DefaultArgs>'.
src/tests/role-management-system.test.ts(228,31): error TS2339: Property 'mockResolvedValue' does not exist on type '<T extends UserRoleGroupByArgs, HasSelectOrTake extends Or<Extends<"skip", Keys<T>>, Extends<"take", Keys<T>>>, OrderByArg extends True extends HasSelectOrTake ? { orderBy: UserRoleGroupByArgs["orderBy"]; } : { orderBy?: UserRoleGroupByArgs["orderBy"]; }, OrderFields extends ExcludeUnderscoreKeys<Keys<MaybeTupleToUn...'.
src/tests/role-management-system.test.ts(237,34): error TS2345: Argument of type '{ method: string; json: () => Promise<{}>; url: URL; headers: Map<string, string>; }' is not assignable to parameter of type 'NextRequest'.
  Type '{ method: string; json: () => Promise<{}>; url: URL; headers: Map<string, string>; }' is missing the following properties from type 'NextRequest': cookies, nextUrl, page, ua, and 18 more.
src/tests/role-management-system.test.ts(240,21): error TS2339: Property 'roleTemplate' does not exist on type 'PrismaClient<PrismaClientOptions, never, DefaultArgs>'.
src/tests/role-management-system.test.ts(251,14): error TS2339: Property 'roleTemplate' does not exist on type 'PrismaClient<PrismaClientOptions, never, DefaultArgs>'.
src/tests/role-management-system.test.ts(252,34): error TS2339: Property 'mockResolvedValue' does not exist on type '<T extends PermissionFindManyArgs>(args?: SelectSubset<T, PermissionFindManyArgs<DefaultArgs>> | undefined) => PrismaPromise<GetFindResult<$PermissionPayload<DefaultArgs>, T, PrismaClientOptions>[]>'.
src/tests/role-management-system.test.ts(256,14): error TS2339: Property 'roleTemplate' does not exist on type 'PrismaClient<PrismaClientOptions, never, DefaultArgs>'.
src/tests/role-management-system.test.ts(264,18): error TS2345: Argument of type '{ method: string; json: () => Promise<{}>; url: URL; headers: Map<string, string>; }' is not assignable to parameter of type 'NextRequest'.
  Type '{ method: string; json: () => Promise<{}>; url: URL; headers: Map<string, string>; }' is missing the following properties from type 'NextRequest': cookies, nextUrl, page, ua, and 18 more.
src/tests/role-management-system.test.ts(266,21): error TS2339: Property 'roleTemplate' does not exist on type 'PrismaClient<PrismaClientOptions, never, DefaultArgs>'.
src/tests/role-management-system.test.ts(280,36): error TS2339: Property 'mockResolvedValue' does not exist on type '<T extends RestaurantFindUniqueArgs>(args: SelectSubset<T, RestaurantFindUniqueArgs<DefaultArgs>>) => Prisma__RestaurantClient<GetFindResult<$RestaurantPayload<DefaultArgs>, T, PrismaClientOptions> | null, null, DefaultArgs, PrismaClientOptions>'.
src/tests/role-management-system.test.ts(284,33): error TS2339: Property 'mockResolvedValue' does not exist on type '<T extends UserRoleFindFirstArgs>(args?: SelectSubset<T, UserRoleFindFirstArgs<DefaultArgs>> | undefined) => Prisma__UserRoleClient<GetFindResult<$UserRolePayload<DefaultArgs>, T, PrismaClientOptions> | null, null, DefaultArgs, PrismaClientOptions>'.
src/tests/role-management-system.test.ts(285,30): error TS2339: Property 'mockResolvedValue' does not exist on type '<T extends UserRoleCreateArgs>(args: SelectSubset<T, UserRoleCreateArgs<DefaultArgs>>) => Prisma__UserRoleClient<GetFindResult<$UserRolePayload<DefaultArgs>, T, PrismaClientOptions>, never, DefaultArgs, PrismaClientOptions>'.
src/tests/role-management-system.test.ts(293,18): error TS2345: Argument of type '{ method: string; json: () => Promise<{}>; url: URL; headers: Map<string, string>; }' is not assignable to parameter of type 'NextRequest'.
  Type '{ method: string; json: () => Promise<{}>; url: URL; headers: Map<string, string>; }' is missing the following properties from type 'NextRequest': cookies, nextUrl, page, ua, and 18 more.
src/tests/role-management-system.test.ts(321,34): error TS2339: Property 'mockResolvedValue' does not exist on type '<T extends UserRoleFindUniqueArgs>(args: SelectSubset<T, UserRoleFindUniqueArgs<DefaultArgs>>) => Prisma__UserRoleClient<GetFindResult<$UserRolePayload<DefaultArgs>, T, PrismaClientOptions> | null, null, DefaultArgs, PrismaClientOptions>'.
src/tests/role-management-system.test.ts(329,34): error TS2339: Property 'mockResolvedValue' does not exist on type '<T extends PermissionFindManyArgs>(args?: SelectSubset<T, PermissionFindManyArgs<DefaultArgs>> | undefined) => PrismaPromise<GetFindResult<$PermissionPayload<DefaultArgs>, T, PrismaClientOptions>[]>'.
src/tests/role-management-system.test.ts(333,30): error TS2339: Property 'mockResolvedValue' does not exist on type '<T extends UserRoleUpdateArgs>(args: SelectSubset<T, UserRoleUpdateArgs<DefaultArgs>>) => Prisma__UserRoleClient<GetFindResult<$UserRolePayload<DefaultArgs>, T, PrismaClientOptions>, never, DefaultArgs, PrismaClientOptions>'.
src/tests/role-management-system.test.ts(341,17): error TS2345: Argument of type '{ method: string; json: () => Promise<{}>; url: URL; headers: Map<string, string>; }' is not assignable to parameter of type 'NextRequest'.
  Type '{ method: string; json: () => Promise<{}>; url: URL; headers: Map<string, string>; }' is missing the following properties from type 'NextRequest': cookies, nextUrl, page, ua, and 18 more.
src/tests/role-management-system.test.ts(350,34): error TS2339: Property 'mockResolvedValue' does not exist on type '<T extends UserRoleFindUniqueArgs>(args: SelectSubset<T, UserRoleFindUniqueArgs<DefaultArgs>>) => Prisma__UserRoleClient<GetFindResult<$UserRolePayload<DefaultArgs>, T, PrismaClientOptions> | null, null, DefaultArgs, PrismaClientOptions>'.
src/tests/role-management-system.test.ts(355,32): error TS2339: Property 'mockResolvedValue' does not exist on type '<T extends UserRoleFindManyArgs>(args?: SelectSubset<T, UserRoleFindManyArgs<DefaultArgs>> | undefined) => PrismaPromise<GetFindResult<$UserRolePayload<DefaultArgs>, T, PrismaClientOptions>[]>'.
src/tests/role-management-system.test.ts(359,30): error TS2339: Property 'mockResolvedValue' does not exist on type '<T extends UserRoleDeleteArgs>(args: SelectSubset<T, UserRoleDeleteArgs<DefaultArgs>>) => Prisma__UserRoleClient<GetFindResult<$UserRolePayload<DefaultArgs>, T, PrismaClientOptions>, never, DefaultArgs, PrismaClientOptions>'.
src/tests/role-management-system.test.ts(365,20): error TS2345: Argument of type '{ method: string; json: () => Promise<{}>; url: URL; headers: Map<string, string>; }' is not assignable to parameter of type 'NextRequest'.
  Type '{ method: string; json: () => Promise<{}>; url: URL; headers: Map<string, string>; }' is missing the following properties from type 'NextRequest': cookies, nextUrl, page, ua, and 18 more.
src/tests/role-management-system.test.ts(385,37): error TS2339: Property 'mockResolvedValue' does not exist on type '<T extends PlatformAdminFindManyArgs>(args?: SelectSubset<T, PlatformAdminFindManyArgs<DefaultArgs>> | undefined) => PrismaPromise<...>'.
src/tests/role-management-system.test.ts(386,39): error TS2339: Property 'mockResolvedValue' does not exist on type '<T extends RestaurantOwnerFindManyArgs>(args?: SelectSubset<T, RestaurantOwnerFindManyArgs<DefaultArgs>> | undefined) => PrismaPromise<...>'.
src/tests/role-management-system.test.ts(387,29): error TS2339: Property 'mockResolvedValue' does not exist on type '<T extends StaffFindManyArgs>(args?: SelectSubset<T, StaffFindManyArgs<DefaultArgs>> | undefined) => PrismaPromise<GetFindResult<$StaffPayload<DefaultArgs>, T, PrismaClientOptions>[]>'.
src/tests/role-management-system.test.ts(408,36): error TS2339: Property 'mockResolvedValue' does not exist on type '<T extends RestaurantFindUniqueArgs>(args: SelectSubset<T, RestaurantFindUniqueArgs<DefaultArgs>>) => Prisma__RestaurantClient<GetFindResult<$RestaurantPayload<DefaultArgs>, T, PrismaClientOptions> | null, null, DefaultArgs, PrismaClientOptions>'.
src/tests/role-management-system.test.ts(414,33): error TS2339: Property 'mockResolvedValue' does not exist on type '<T extends UserRoleFindFirstArgs>(args?: SelectSubset<T, UserRoleFindFirstArgs<DefaultArgs>> | undefined) => Prisma__UserRoleClient<GetFindResult<$UserRolePayload<DefaultArgs>, T, PrismaClientOptions> | null, null, DefaultArgs, PrismaClientOptions>'.
src/tests/role-management-system.test.ts(415,30): error TS2339: Property 'mockResolvedValue' does not exist on type '<T extends UserRoleCreateArgs>(args: SelectSubset<T, UserRoleCreateArgs<DefaultArgs>>) => Prisma__UserRoleClient<GetFindResult<$UserRolePayload<DefaultArgs>, T, PrismaClientOptions>, never, DefaultArgs, PrismaClientOptions>'.
src/tests/role-management-system.test.ts(422,35): error TS2345: Argument of type '{ method: string; json: () => Promise<{}>; url: URL; headers: Map<string, string>; }' is not assignable to parameter of type 'NextRequest'.
  Type '{ method: string; json: () => Promise<{}>; url: URL; headers: Map<string, string>; }' is missing the following properties from type 'NextRequest': cookies, nextUrl, page, ua, and 18 more.
src/tests/role-management-system.test.ts(438,37): error TS2339: Property 'mockResolvedValue' does not exist on type '<T extends PlatformAdminFindManyArgs>(args?: SelectSubset<T, PlatformAdminFindManyArgs<DefaultArgs>> | undefined) => PrismaPromise<...>'.
src/tests/role-management-system.test.ts(439,39): error TS2339: Property 'mockResolvedValue' does not exist on type '<T extends RestaurantOwnerFindManyArgs>(args?: SelectSubset<T, RestaurantOwnerFindManyArgs<DefaultArgs>> | undefined) => PrismaPromise<...>'.
src/tests/role-management-system.test.ts(440,29): error TS2339: Property 'mockResolvedValue' does not exist on type '<T extends StaffFindManyArgs>(args?: SelectSubset<T, StaffFindManyArgs<DefaultArgs>> | undefined) => PrismaPromise<GetFindResult<$StaffPayload<DefaultArgs>, T, PrismaClientOptions>[]>'.
src/tests/role-management-system.test.ts(445,36): error TS2339: Property 'mockResolvedValue' does not exist on type '<T extends RestaurantFindUniqueArgs>(args: SelectSubset<T, RestaurantFindUniqueArgs<DefaultArgs>>) => Prisma__RestaurantClient<GetFindResult<$RestaurantPayload<DefaultArgs>, T, PrismaClientOptions> | null, null, DefaultArgs, PrismaClientOptions>'.
src/tests/role-management-system.test.ts(452,10): error TS2339: Property 'mockResolvedValueOnce' does not exist on type '<T extends UserRoleFindFirstArgs>(args?: SelectSubset<T, UserRoleFindFirstArgs<DefaultArgs>> | undefined) => Prisma__UserRoleClient<GetFindResult<$UserRolePayload<DefaultArgs>, T, PrismaClientOptions> | null, null, DefaultArgs, PrismaClientOptions>'.
src/tests/role-management-system.test.ts(455,30): error TS2339: Property 'mockResolvedValue' does not exist on type '<T extends UserRoleCreateArgs>(args: SelectSubset<T, UserRoleCreateArgs<DefaultArgs>>) => Prisma__UserRoleClient<GetFindResult<$UserRolePayload<DefaultArgs>, T, PrismaClientOptions>, never, DefaultArgs, PrismaClientOptions>'.
src/tests/role-management-system.test.ts(459,35): error TS2345: Argument of type '{ method: string; json: () => Promise<{}>; url: URL; headers: Map<string, string>; }' is not assignable to parameter of type 'NextRequest'.
  Type '{ method: string; json: () => Promise<{}>; url: URL; headers: Map<string, string>; }' is missing the following properties from type 'NextRequest': cookies, nextUrl, page, ua, and 18 more.
src/tests/role-management-system.test.ts(461,23): error TS2339: Property 'data' does not exist on type 'NextResponse<unknown>'.
src/tests/role-management-system.test.ts(462,23): error TS2339: Property 'data' does not exist on type 'NextResponse<unknown>'.
src/tests/role-management-system.test.ts(470,39): error TS2339: Property 'mockResolvedValue' does not exist on type '<T extends PlatformAdminFindUniqueArgs>(args: SelectSubset<T, PlatformAdminFindUniqueArgs<DefaultArgs>>) => Prisma__PlatformAdminClient<GetFindResult<$PlatformAdminPayload<DefaultArgs>, T, PrismaClientOptions> | null, null, DefaultArgs, PrismaClientOptions>'.
src/tests/role-management-system.test.ts(477,32): error TS2339: Property 'mockResolvedValue' does not exist on type '<T extends AuditLogFindManyArgs>(args?: SelectSubset<T, AuditLogFindManyArgs<DefaultArgs>> | undefined) => PrismaPromise<GetFindResult<$AuditLogPayload<DefaultArgs>, T, PrismaClientOptions>[]>'.
src/tests/role-management-system.test.ts(499,34): error TS2345: Argument of type '{ method: string; json: () => Promise<{}>; url: URL; headers: Map<string, string>; }' is not assignable to parameter of type 'NextRequest'.
  Type '{ method: string; json: () => Promise<{}>; url: URL; headers: Map<string, string>; }' is missing the following properties from type 'NextRequest': cookies, nextUrl, page, ua, and 18 more.
src/tests/role-management-system.test.ts(509,34): error TS2339: Property 'mockResolvedValue' does not exist on type '<T extends PlatformAdminCountArgs>(args?: Subset<T, PlatformAdminCountArgs<DefaultArgs>> | undefined) => PrismaPromise<T extends Record_2<...> ? T["select"] extends true ? number : { [P in keyof T["select"]]: P extends keyof PlatformAdminCountAggregateOutputType ? PlatformAdminCountAggregateOutputType[P] : never; } ...'.
src/tests/role-management-system.test.ts(510,36): error TS2339: Property 'mockResolvedValue' does not exist on type '<T extends RestaurantOwnerCountArgs>(args?: Subset<T, RestaurantOwnerCountArgs<DefaultArgs>> | undefined) => PrismaPromise<T extends Record_2<...> ? T["select"] extends true ? number : { [P in keyof T["select"]]: P extends keyof RestaurantOwnerCountAggregateOutputType ? RestaurantOwnerCountAggregateOutputType[P] : n...'.
src/tests/role-management-system.test.ts(511,26): error TS2339: Property 'mockResolvedValue' does not exist on type '<T extends StaffCountArgs>(args?: Subset<T, StaffCountArgs<DefaultArgs>> | undefined) => PrismaPromise<T extends Record_2<"select", any> ? T["select"] extends true ? number : { [P in keyof T["select"]]: P extends keyof StaffCountAggregateOutputType ? StaffCountAggregateOutputType[P] : never; } : number>'.
src/tests/role-management-system.test.ts(512,29): error TS2339: Property 'mockResolvedValue' does not exist on type '<T extends UserRoleCountArgs>(args?: Subset<T, UserRoleCountArgs<DefaultArgs>> | undefined) => PrismaPromise<T extends Record_2<"select", any> ? T["select"] extends true ? number : { [P in keyof T["select"]]: P extends keyof UserRoleCountAggregateOutputType ? UserRoleCountAggregateOutputType[P] : never; } : number>'.
src/tests/role-management-system.test.ts(513,31): error TS2339: Property 'mockResolvedValue' does not exist on type '<T extends PermissionCountArgs>(args?: Subset<T, PermissionCountArgs<DefaultArgs>> | undefined) => PrismaPromise<T extends Record_2<"select", any> ? T["select"] extends true ? number : { [P in keyof T["select"]]: P extends keyof PermissionCountAggregateOutputType ? PermissionCountAggregateOutputType[P] : never; } : ...'.
src/tests/role-management-system.test.ts(515,31): error TS2339: Property 'mockResolvedValue' does not exist on type '<T extends UserRoleGroupByArgs, HasSelectOrTake extends Or<Extends<"skip", Keys<T>>, Extends<"take", Keys<T>>>, OrderByArg extends True extends HasSelectOrTake ? { orderBy: UserRoleGroupByArgs["orderBy"]; } : { orderBy?: UserRoleGroupByArgs["orderBy"]; }, OrderFields extends ExcludeUnderscoreKeys<Keys<MaybeTupleToUn...'.
src/tests/role-management-system.test.ts(522,32): error TS2339: Property 'mockResolvedValue' does not exist on type '<T extends UserRoleFindManyArgs>(args?: SelectSubset<T, UserRoleFindManyArgs<DefaultArgs>> | undefined) => PrismaPromise<GetFindResult<$UserRolePayload<DefaultArgs>, T, PrismaClientOptions>[]>'.
src/tests/role-management-system.test.ts(529,14): error TS2339: Property 'roleTemplate' does not exist on type 'PrismaClient<PrismaClientOptions, never, DefaultArgs>'.
src/tests/role-management-system.test.ts(538,34): error TS2345: Argument of type '{ method: string; json: () => Promise<{}>; url: URL; headers: Map<string, string>; }' is not assignable to parameter of type 'NextRequest'.
  Type '{ method: string; json: () => Promise<{}>; url: URL; headers: Map<string, string>; }' is missing the following properties from type 'NextRequest': cookies, nextUrl, page, ua, and 18 more.
src/tests/role-management-system.test.ts(541,23): error TS2339: Property 'data' does not exist on type 'NextResponse<unknown>'.
src/tests/role-management-system.test.ts(548,30): error TS2339: Property 'mockResolvedValueOnce' does not exist on type '(request: NextRequest, config?: RBACMiddlewareConfig) => Promise<{ isAuthorized: boolean; response?: NextResponse<unknown> | undefined; context?: RBACContext | undefined; error?: string | undefined; }>'.
src/tests/role-management-system.test.ts(558,34): error TS2345: Argument of type '{ method: string; json: () => Promise<{}>; url: URL; headers: Map<string, string>; }' is not assignable to parameter of type 'NextRequest'.
  Type '{ method: string; json: () => Promise<{}>; url: URL; headers: Map<string, string>; }' is missing the following properties from type 'NextRequest': cookies, nextUrl, page, ua, and 18 more.
src/tests/role-management-system.test.ts(573,35): error TS2345: Argument of type '{ method: string; json: () => Promise<{}>; url: URL; headers: Map<string, string>; }' is not assignable to parameter of type 'NextRequest'.
  Type '{ method: string; json: () => Promise<{}>; url: URL; headers: Map<string, string>; }' is missing the following properties from type 'NextRequest': cookies, nextUrl, page, ua, and 18 more.
src/tests/role-management-system.test.ts(588,35): error TS2345: Argument of type '{ method: string; json: () => Promise<{}>; url: URL; headers: Map<string, string>; }' is not assignable to parameter of type 'NextRequest'.
  Type '{ method: string; json: () => Promise<{}>; url: URL; headers: Map<string, string>; }' is missing the following properties from type 'NextRequest': cookies, nextUrl, page, ua, and 18 more.
src/tests/role-management-system.test.ts(591,23): error TS2339: Property 'data' does not exist on type 'NextResponse<unknown>'.
src/tests/role-management-system.test.ts(595,34): error TS2339: Property 'mockResolvedValue' does not exist on type '<T extends UserRoleFindUniqueArgs>(args: SelectSubset<T, UserRoleFindUniqueArgs<DefaultArgs>>) => Prisma__UserRoleClient<GetFindResult<$UserRolePayload<DefaultArgs>, T, PrismaClientOptions> | null, null, DefaultArgs, PrismaClientOptions>'.
src/tests/role-management-system.test.ts(601,32): error TS2339: Property 'mockResolvedValue' does not exist on type '<T extends UserRoleFindManyArgs>(args?: SelectSubset<T, UserRoleFindManyArgs<DefaultArgs>> | undefined) => PrismaPromise<GetFindResult<$UserRolePayload<DefaultArgs>, T, PrismaClientOptions>[]>'.
src/tests/role-management-system.test.ts(605,37): error TS2345: Argument of type '{ method: string; json: () => Promise<{}>; url: URL; headers: Map<string, string>; }' is not assignable to parameter of type 'NextRequest'.
  Type '{ method: string; json: () => Promise<{}>; url: URL; headers: Map<string, string>; }' is missing the following properties from type 'NextRequest': cookies, nextUrl, page, ua, and 18 more.
src/tests/role-management-system.test.ts(608,23): error TS2339: Property 'data' does not exist on type 'NextResponse<unknown>'.
src/tests/role-management-system.test.ts(614,34): error TS2339: Property 'mockRejectedValue' does not exist on type '<T extends PermissionFindManyArgs>(args?: SelectSubset<T, PermissionFindManyArgs<DefaultArgs>> | undefined) => PrismaPromise<GetFindResult<$PermissionPayload<DefaultArgs>, T, PrismaClientOptions>[]>'.
src/tests/role-management-system.test.ts(620,34): error TS2345: Argument of type '{ method: string; json: () => Promise<{}>; url: URL; headers: Map<string, string>; }' is not assignable to parameter of type 'NextRequest'.
  Type '{ method: string; json: () => Promise<{}>; url: URL; headers: Map<string, string>; }' is missing the following properties from type 'NextRequest': cookies, nextUrl, page, ua, and 18 more.
src/tests/role-management-system.test.ts(626,30): error TS2339: Property 'mockResolvedValueOnce' does not exist on type '(request: NextRequest, config?: RBACMiddlewareConfig) => Promise<{ isAuthorized: boolean; response?: NextResponse<unknown> | undefined; context?: RBACContext | undefined; error?: string | undefined; }>'.
src/tests/role-management-system.test.ts(636,35): error TS2345: Argument of type '{ method: string; json: () => Promise<{}>; url: URL; headers: Map<string, string>; }' is not assignable to parameter of type 'NextRequest'.
  Type '{ method: string; json: () => Promise<{}>; url: URL; headers: Map<string, string>; }' is missing the following properties from type 'NextRequest': cookies, nextUrl, page, ua, and 18 more.
src/tests/role-management-system.test.ts(652,35): error TS2345: Argument of type '{ method: string; json: () => Promise<{}>; url: URL; headers: Map<string, string>; }' is not assignable to parameter of type 'NextRequest'.
  Type '{ method: string; json: () => Promise<{}>; url: URL; headers: Map<string, string>; }' is missing the following properties from type 'NextRequest': cookies, nextUrl, page, ua, and 18 more.
src/tests/role-management-system.test.ts(655,23): error TS2339: Property 'data' does not exist on type 'NextResponse<unknown>'.
src/tests/role-management-system.test.ts(672,33): error TS2339: Property 'mockResolvedValue' does not exist on type '<T extends PermissionFindFirstArgs>(args?: SelectSubset<T, PermissionFindFirstArgs<DefaultArgs>> | undefined) => Prisma__PermissionClient<GetFindResult<$PermissionPayload<...>, T, PrismaClientOptions> | null, null, DefaultArgs, PrismaClientOptions>'.
src/tests/role-management-system.test.ts(673,30): error TS2339: Property 'mockResolvedValue' does not exist on type '<T extends PermissionCreateArgs>(args: SelectSubset<T, PermissionCreateArgs<DefaultArgs>>) => Prisma__PermissionClient<GetFindResult<$PermissionPayload<DefaultArgs>, T, PrismaClientOptions>, never, DefaultArgs, PrismaClientOptions>'.
src/tests/role-management-system.test.ts(686,12): error TS2339: Property 'roleTemplate' does not exist on type 'PrismaClient<PrismaClientOptions, never, DefaultArgs>'.
src/tests/role-management-system.test.ts(687,32): error TS2339: Property 'mockResolvedValue' does not exist on type '<T extends PermissionFindManyArgs>(args?: SelectSubset<T, PermissionFindManyArgs<DefaultArgs>> | undefined) => PrismaPromise<GetFindResult<$PermissionPayload<DefaultArgs>, T, PrismaClientOptions>[]>'.
src/tests/role-management-system.test.ts(690,12): error TS2339: Property 'roleTemplate' does not exist on type 'PrismaClient<PrismaClientOptions, never, DefaultArgs>'.
src/tests/role-management-system.test.ts(703,31): error TS2339: Property 'mockResolvedValue' does not exist on type '<T extends UserRoleFindFirstArgs>(args?: SelectSubset<T, UserRoleFindFirstArgs<DefaultArgs>> | undefined) => Prisma__UserRoleClient<GetFindResult<$UserRolePayload<DefaultArgs>, T, PrismaClientOptions> | null, null, DefaultArgs, PrismaClientOptions>'.
src/tests/role-management-system.test.ts(704,28): error TS2339: Property 'mockResolvedValue' does not exist on type '<T extends UserRoleCreateArgs>(args: SelectSubset<T, UserRoleCreateArgs<DefaultArgs>>) => Prisma__UserRoleClient<GetFindResult<$UserRolePayload<DefaultArgs>, T, PrismaClientOptions>, never, DefaultArgs, PrismaClientOptions>'.
src/tests/role-management-system.test.ts(716,7): error TS2345: Argument of type '{ method: string; json: () => Promise<{}>; url: URL; headers: Map<string, string>; }' is not assignable to parameter of type 'NextRequest'.
  Type '{ method: string; json: () => Promise<{}>; url: URL; headers: Map<string, string>; }' is missing the following properties from type 'NextRequest': cookies, nextUrl, page, ua, and 18 more.
src/tests/role-management-system.test.ts(719,7): error TS2345: Argument of type '{ method: string; json: () => Promise<{}>; url: URL; headers: Map<string, string>; }' is not assignable to parameter of type 'NextRequest'.
  Type '{ method: string; json: () => Promise<{}>; url: URL; headers: Map<string, string>; }' is missing the following properties from type 'NextRequest': cookies, nextUrl, page, ua, and 18 more.
src/tests/role-management-system.test.ts(721,41): error TS2345: Argument of type '{ method: string; json: () => Promise<{}>; url: URL; headers: Map<string, string>; }' is not assignable to parameter of type 'NextRequest'.
  Type '{ method: string; json: () => Promise<{}>; url: URL; headers: Map<string, string>; }' is missing the following properties from type 'NextRequest': cookies, nextUrl, page, ua, and 18 more.
src/types/pos.ts(25,18): error TS2430: Interface 'OrderWithDetails' incorrectly extends interface '{ id: string; createdAt: Date; updatedAt: Date; restaurantId: string; status: OrderStatus; dailySeq: number | null; orderNumber: string; tableId: string; customerSessionId: string; ... 21 more ...; servedAt: Date | null; }'.
  Types of property 'taxRateSnapshot' are incompatible.
    Type 'Decimal | undefined' is not assignable to type 'Decimal'.
      Type 'undefined' is not assignable to type 'Decimal'.
test-local-timezone.ts(6,7): error TS2451: Cannot redeclare block-scoped variable 'testCases'.
test-local-timezone.ts(33,7): error TS2451: Cannot redeclare block-scoped variable 'today'.
test-timezone-fix.ts(6,7): error TS2451: Cannot redeclare block-scoped variable 'testCases'.
test-timezone.ts(21,7): error TS2451: Cannot redeclare block-scoped variable 'today'.
tests/performance/query-performance.test.ts(175,9): error TS2820: Type '"active"' is not assignable to type 'CustomerSessionStatus | undefined'. Did you mean '"ACTIVE"'?
tests/performance/query-performance.test.ts(197,13): error TS2322: Type 'string' is not assignable to type 'OrderStatus | undefined'.
tests/performance/query-performance.test.ts(198,13): error TS2322: Type 'string' is not assignable to type 'OrderPaymentStatus | undefined'.
tests/performance/query-performance.test.ts(259,15): error TS2820: Type '"pending"' is not assignable to type 'OrderStatus | EnumOrderStatusFilter<"Order"> | undefined'. Did you mean '"PENDING"'?
tests/performance/query-performance.test.ts(276,15): error TS2820: Type '"paid"' is not assignable to type 'OrderPaymentStatus | EnumOrderPaymentStatusFilter<"Order"> | undefined'. Did you mean '"PAID"'?
tests/performance/query-performance.test.ts(412,15): error TS2820: Type '"active"' is not assignable to type 'CustomerSessionStatus | EnumCustomerSessionStatusFilter<"CustomerSession"> | undefined'. Did you mean '"ACTIVE"'?
